Component: ARM Compiler 5.05 update 1 (build 106) Tool: armlink [4d0efa]

==============================================================================

Section Cross References

    main.o(i.Gizwits_Init) refers to timer.o(i.TIM3_Init) for TIM3_Init
    main.o(i.Gizwits_Init) refers to usart3.o(i.uart3_init) for uart3_init
    main.o(i.Gizwits_Init) refers to rt_memclr.o(.text) for __aeabi_memclr
    main.o(i.Gizwits_Init) refers to gizwits_protocol.o(i.gizwitsInit) for gizwitsInit
    main.o(i.Gizwits_Init) refers to main.o(.bss) for currentDataPoint
    main.o(i.main) refers to _printf_percent.o(.ARM.Collect$$_printf_percent$$00000000) for _printf_percent
    main.o(i.main) refers to _printf_d.o(.ARM.Collect$$_printf_percent$$00000009) for _printf_d
    main.o(i.main) refers to _printf_dec.o(.text) for _printf_int_dec
    main.o(i.main) refers to rt_memclr_w.o(.text) for __aeabi_memclr4
    main.o(i.main) refers to sys.o(i.Cache_Enable) for Cache_Enable
    main.o(i.main) refers to stm32f7xx_hal.o(i.HAL_Init) for HAL_Init
    main.o(i.main) refers to sys.o(i.Stm32_Clock_Init) for Stm32_Clock_Init
    main.o(i.main) refers to delay.o(i.delay_init) for delay_init
    main.o(i.main) refers to usart.o(i.uart_init) for uart_init
    main.o(i.main) refers to led.o(i.LED_Init) for LED_Init
    main.o(i.main) refers to fan.o(i.Fan_Init) for Fan_Init
    main.o(i.main) refers to key.o(i.KEY_Init) for KEY_Init
    main.o(i.main) refers to adc.o(i.MY_ADC_Init) for MY_ADC_Init
    main.o(i.main) refers to sdram.o(i.SDRAM_Init) for SDRAM_Init
    main.o(i.main) refers to lcd.o(i.LCD_Init) for LCD_Init
    main.o(i.main) refers to pcf8574.o(i.PCF8574_Init) for PCF8574_Init
    main.o(i.main) refers to main.o(i.Gizwits_Init) for Gizwits_Init
    main.o(i.main) refers to pcf8574.o(i.PCF8574_ReadBit) for PCF8574_ReadBit
    main.o(i.main) refers to lcd.o(i.LCD_ShowString) for LCD_ShowString
    main.o(i.main) refers to delay.o(i.delay_ms) for delay_ms
    main.o(i.main) refers to lcd.o(i.LCD_Fill) for LCD_Fill
    main.o(i.main) refers to dht11.o(i.DHT11_Init) for DHT11_Init
    main.o(i.main) refers to noretval__2sprintf.o(.text) for __2sprintf
    main.o(i.main) refers to noretval__2printf.o(.text) for __2printf
    main.o(i.main) refers to main.o(i.userHandle) for userHandle
    main.o(i.main) refers to gizwits_protocol.o(i.gizwitsHandle) for gizwitsHandle
    main.o(i.main) refers to key.o(i.KEY_Scan) for KEY_Scan
    main.o(i.main) refers to gizwits_protocol.o(i.gizwitsSetMode) for gizwitsSetMode
    main.o(i.main) refers to lcd.o(i.LCD_ShowxNum) for LCD_ShowxNum
    main.o(i.main) refers to stm32f7xx_hal_gpio.o(i.HAL_GPIO_WritePin) for HAL_GPIO_WritePin
    main.o(i.main) refers to stm32f7xx_hal_gpio.o(i.HAL_GPIO_TogglePin) for HAL_GPIO_TogglePin
    main.o(i.main) refers to lcd.o(.data) for POINT_COLOR
    main.o(i.main) refers to main.o(.data) for wifi_sta
    main.o(i.main) refers to main.o(.bss) for currentDataPoint
    main.o(i.userHandle) refers to _printf_percent.o(.ARM.Collect$$_printf_percent$$00000000) for _printf_percent
    main.o(i.userHandle) refers to _printf_f.o(.ARM.Collect$$_printf_percent$$00000003) for _printf_f
    main.o(i.userHandle) refers to printf1.o(x$fpl$printf1) for _printf_fp_dec
    main.o(i.userHandle) refers to adc.o(i.Get_Adc_Average) for Get_Adc_Average
    main.o(i.userHandle) refers to co.o(i.MQ7_PPM_GET) for MQ7_PPM_GET
    main.o(i.userHandle) refers to co2.o(i.MGGetPercentage) for MGGetPercentage
    main.o(i.userHandle) refers to noretval__2printf.o(.text) for __2printf
    main.o(i.userHandle) refers to pm.o(i.pm_valueget) for pm_valueget
    main.o(i.userHandle) refers to lcd.o(i.LCD_ShowxNum) for LCD_ShowxNum
    main.o(i.userHandle) refers to lcd.o(i.LCD_ShowString) for LCD_ShowString
    main.o(i.userHandle) refers to lcd.o(i.LCD_Fill) for LCD_Fill
    main.o(i.userHandle) refers to stm32f7xx_hal_gpio.o(i.HAL_GPIO_ReadPin) for HAL_GPIO_ReadPin
    main.o(i.userHandle) refers to pcf8574.o(i.PCF8574_ReadBit) for PCF8574_ReadBit
    main.o(i.userHandle) refers to dht11.o(i.DHT11_Read_Data) for DHT11_Read_Data
    main.o(i.userHandle) refers to main.o(.data) for wifi_sta
    main.o(i.userHandle) refers to main.o(.bss) for currentDataPoint
    main.o(i.userHandle) refers to stm32f7xx_hal_gpio.o(i.HAL_GPIO_TogglePin) for HAL_GPIO_TogglePin
    stm32f7xx_it.o(i.SysTick_Handler) refers to stm32f7xx_hal.o(i.HAL_IncTick) for HAL_IncTick
    system_stm32f7xx.o(i.SystemCoreClockUpdate) refers to system_stm32f7xx.o(.data) for SystemCoreClock
    system_stm32f7xx.o(i.SystemCoreClockUpdate) refers to system_stm32f7xx.o(.constdata) for AHBPrescTable
    startup_stm32f767xx.o(STACK) refers (Special) to heapauxi.o(.text) for __use_two_region_memory
    startup_stm32f767xx.o(HEAP) refers (Special) to heapauxi.o(.text) for __use_two_region_memory
    startup_stm32f767xx.o(RESET) refers (Special) to heapauxi.o(.text) for __use_two_region_memory
[...]
    _init_user_alloc                          - Undefined Weak Reference
    _initio                                   - Undefined Weak Reference
    _mutex_acquire                            - Undefined Weak Reference
    _mutex_release                            - Undefined Weak Reference
    _printf_truncate_signed                   - Undefined Weak Reference
    _printf_truncate_unsigned                 - Undefined Weak Reference
    _rand_init                                - Undefined Weak Reference
    _signal_finish                            - Undefined Weak Reference
    _signal_init                              - Undefined Weak Reference
    _terminate_alloc                          - Undefined Weak Reference
    _terminate_user_alloc                     - Undefined Weak Reference
    _terminateio                              - Undefined Weak Reference
    __Vectors_Size                           0x000001f8   Number         0  startup_stm32f767xx.o ABSOLUTE
    __Vectors                                0x08000000   Data           4  startup_stm32f767xx.o(RESET)
    __Vectors_End                            0x080001f8   Data           0  startup_stm32f767xx.o(RESET)
    __main                                   0x080001f9   Thumb Code     8  __main.o(!!!main)
    __scatterload                            0x08000201   Thumb Code     0  __scatter.o(!!!scatter)
    __scatterload_rt2                        0x08000201   Thumb Code    44  __scatter.o(!!!scatter)
    __scatterload_rt2_thumb_only             0x08000201   Thumb Code     0  __scatter.o(!!!scatter)
    __scatterload_null                       0x0800020f   Thumb Code     0  __scatter.o(!!!scatter)
    __scatterload_copy                       0x08000235   Thumb Code    26  __scatter_copy.o(!!handler_copy)
    __scatterload_zeroinit                   0x08000251   Thumb Code    28  __scatter_zi.o(!!handler_zi)
    _printf_f                                0x0800026d   Thumb Code     0  _printf_f.o(.ARM.Collect$$_printf_percent$$00000003)
    _printf_percent                          0x0800026d   Thumb Code     0  _printf_percent.o(.ARM.Collect$$_printf_percent$$00000000)
    _printf_d                                0x08000273   Thumb Code     0  _printf_d.o(.ARM.Collect$$_printf_percent$$00000009)
    _printf_x                                0x08000279   Thumb Code     0  _printf_x.o(.ARM.Collect$$_printf_percent$$0000000C)
    _printf_percent_end                      0x0800027f   Thumb Code     0  _printf_percent_end.o(.ARM.Collect$$_printf_percent$$00000017)
    __rt_lib_init                            0x08000283   Thumb Code     0  libinit.o(.ARM.Collect$$libinit$$00000000)
    __rt_lib_init_fp_1                       0x08000285   Thumb Code     0  libinit2.o(.ARM.Collect$$libinit$$00000001)
    __rt_lib_init_heap_1                     0x08000289   Thumb Code     0  libinit2.o(.ARM.Collect$$libinit$$0000000A)
    __rt_lib_init_lc_common                  0x08000289   Thumb Code     0  libinit2.o(.ARM.Collect$$libinit$$0000000F)
    __rt_lib_init_preinit_1                  0x08000289   Thumb Code     0  libinit2.o(.ARM.Collect$$libinit$$00000004)
    __rt_lib_init_rand_1                     0x08000289   Thumb Code     0  libinit2.o(.ARM.Collect$$libinit$$0000000E)
    __rt_lib_init_user_alloc_1               0x08000289   Thumb Code     0  libinit2.o(.ARM.Collect$$libinit$$0000000C)
    __rt_lib_init_lc_collate_1               0x0800028f   Thumb Code     0  libinit2.o(.ARM.Collect$$libinit$$00000011)
    __rt_lib_init_lc_ctype_1                 0x0800028f   Thumb Code     0  libinit2.o(.ARM.Collect$$libinit$$00000013)
    __rt_lib_init_lc_monetary_1              0x0800028f   Thumb Code     0  libinit2.o(.ARM.Collect$$libinit$$00000015)
    __rt_lib_init_lc_numeric_2               0x0800028f   Thumb Code     0  libinit2.o(.ARM.Collect$$libinit$$00000016)
    __rt_lib_init_alloca_1                   0x08000299   Thumb Code     0  libinit2.o(.ARM.Collect$$libinit$$0000002E)
    __rt_lib_init_argv_1                     0x08000299   Thumb Code     0  libinit2.o(.ARM.Collect$$libinit$$0000002C)
    __rt_lib_init_atexit_1                   0x08000299   Thumb Code     0  libinit2.o(.ARM.Collect$$libinit$$0000001B)
    __rt_lib_init_clock_1                    0x08000299   Thumb Code     0  libinit2.o(.ARM.Collect$$libinit$$00000021)
    __rt_lib_init_cpp_1                      0x08000299   Thumb Code     0  libinit2.o(.ARM.Collect$$libinit$$00000032)
    __rt_lib_init_exceptions_1               0x08000299   Thumb Code     0  libinit2.o(.ARM.Collect$$libinit$$00000030)
    __rt_lib_init_fp_trap_1                  0x08000299   Thumb Code     0  libinit2.o(.ARM.Collect$$libinit$$0000001F)
    __rt_lib_init_getenv_1                   0x08000299   Thumb Code     0  libinit2.o(.ARM.Collect$$libinit$$00000023)
    __rt_lib_init_lc_numeric_1               0x08000299   Thumb Code     0  libinit2.o(.ARM.Collect$$libinit$$00000017)
    __rt_lib_init_lc_time_1                  0x08000299   Thumb Code     0  libinit2.o(.ARM.Collect$$libinit$$00000019)
    __rt_lib_init_return                     0x08000299   Thumb Code     0  libinit2.o(.ARM.Collect$$libinit$$00000033)
    __rt_lib_init_signal_1                   0x08000299   Thumb Code     0  libinit2.o(.ARM.Collect$$libinit$$0000001D)
    __rt_lib_init_stdio_1                    0x08000299   Thumb Code     0  libinit2.o(.ARM.Collect$$libinit$$00000025)
    __rt_lib_shutdown                        0x0800029b   Thumb Code     0  libshutdown.o(.ARM.Collect$$libshutdown$$00000000)
    __rt_lib_shutdown_fp_trap_1              0x0800029d   Thumb Code     0  libshutdown2.o(.ARM.Collect$$libshutdown$$00000006)
    __rt_lib_shutdown_heap_1                 0x0800029d   Thumb Code     0  libshutdown2.o(.ARM.Collect$$libshutdown$$0000000E)
    __rt_lib_shutdown_return                 0x0800029d   Thumb Code     0  libshutdown2.o(.ARM.Collect$$libshutdown$$0000000F)
    __rt_lib_shutdown_signal_1               0x0800029d   Thumb Code     0  libshutdown2.o(.ARM.Collect$$libshutdown$$00000009)
    __rt_lib_shutdown_stdio_1                0x0800029d   Thumb Code     0  libshutdown2.o(.ARM.Collect$$libshutdown$$00000003)
    __rt_lib_shutdown_user_alloc_1           0x0800029d   Thumb Code     0  libshutdown2.o(.ARM.Collect$$libshutdown$$0000000B)
    __rt_entry                               0x0800029f   Thumb Code     0  __rtentry.o(.ARM.Collect$$rtentry$$00000000)
    __rt_entry_presh_1                       0x0800029f   Thumb Code     0  __rtentry2.o(.ARM.Collect$$rtentry$$00000002)
    __rt_entry_sh                            0x0800029f   Thumb Code     0  __rtentry4.o(.ARM.Collect$$rtentry$$00000004)
    __rt_entry_li                            0x080002a5   Thumb Code     0  __rtentry2.o(.ARM.Collect$$rtentry$$0000000A)
    __rt_entry_postsh_1                      0x080002a5   Thumb Code     0  __rtentry2.o(.ARM.Collect$$rtentry$$00000009)
    __rt_entry_main                          0x080002a9   Thumb Code     0  __rtentry2.o(.ARM.Collect$$rtentry$$0000000D)
    __rt_entry_postli_1                      0x080002a9   Thumb Code     0  __rtentry2.o(.ARM.Collect$$rtentry$$0000000C)
    __rt_exit                                0x080002b1   Thumb Code     0  rtexit.o(.ARM.Collect$$rtexit$$00000000)
    __rt_exit_ls                             0x080002b3   Thumb Code     0  rtexit2.o(.ARM.Collect$$rtexit$$00000003)
    __rt_exit_prels_1                        0x080002b3   Thumb Code     0  rtexit2.o(.ARM.Collect$$rtexit$$00000002)
    __rt_exit_exit                           0x080002b7   Thumb Code     0  rtexit2.o(.ARM.Collect$$rtexit$$00000004)
    Reset_Handler                            0x080002bd   Thumb Code     8  startup_stm32f767xx.o(.text)
    MemManage_Handler                        0x080002c9   Thumb Code     2  startup_stm32f767xx.o(.text)
    ADC_IRQHandler                           0x080002d7   Thumb Code     0  startup_stm32f767xx.o(.text)
    CAN1_RX0_IRQHandler                      0x080002d7   Thumb Code     0  startup_stm32f767xx.o(.text)
    CAN1_RX1_IRQHandler                      0x080002d7   Thumb Code     0  startup_stm32f767xx.o(.text)
    CAN1_SCE_IRQHandler                      0x080002d7   Thumb Code     0  startup_stm32f767xx.o(.text)
    CAN1_TX_IRQHandler                       0x080002d7   Thumb Code     0  startup_stm32f767xx.o(.text)
    CAN2_RX0_IRQHandler                      0x080002d7   Thumb Code     0  startup_stm32f767xx.o(.text)
    CAN2_RX1_IRQHandler                      0x080002d7   Thumb Code     0  startup_stm32f767xx.o(.text)
    CAN2_SCE_IRQHandler                      0x080002d7   Thumb Code     0  startup_stm32f767xx.o(.text)
    CAN2_TX_IRQHandler                       0x080002d7   Thumb Code     0  startup_stm32f767xx.o(.text)
    CAN3_RX0_IRQHandler                      0x080002d7   Thumb Code     0  startup_stm32f767xx.o(.text)
    CAN3_RX1_IRQHandler                      0x080002d7   Thumb Code     0  startup_stm32f767xx.o(.text)
    CAN3_SCE_IRQHandler                      0x080002d7   Thumb Code     0  startup_stm32f767xx.o(.text)
    CAN3_TX_IRQHandler                       0x080002d7   Thumb Code     0  startup_stm32f767xx.o(.text)
    CEC_IRQHandler                           0x080002d7   Thumb Code     0  startup_stm32f767xx.o(.text)
    DCMI_IRQHandler                          0x080002d7   Thumb Code     0  startup_stm32f767xx.o(.text)
    DFSDM1_FLT0_IRQHandler                   0x080002d7   Thumb Code     0  startup_stm32f767xx.o(.text)
    DFSDM1_FLT1_IRQHandler                   0x080002d7   Thumb Code     0  startup_stm32f767xx.o(.text)
    DFSDM1_FLT2_IRQHandler                   0x080002d7   Thumb Code     0  startup_stm32f767xx.o(.text)
    DFSDM1_FLT3_IRQHandler                   0x080002d7   Thumb Code     0  startup_stm32f767xx.o(.text)
    DMA1_Stream0_IRQHandler                  0x080002d7   Thumb Code     0  startup_stm32f767xx.o(.text)
    DMA1_Stream1_IRQHandler                  0x080002d7   Thumb Code     0  startup_stm32f767xx.o(.text)
    DMA1_Stream2_IRQHandler                  0x080002d7   Thumb Code     0  startup_stm32f767xx.o(.text)
    DMA1_Stream3_IRQHandler                  0x080002d7   Thumb Code     0  startup_stm32f767xx.o(.text)
    DMA1_Stream4_IRQHandler                  0x080002d7   Thumb Code     0  startup_stm32f767xx.o(.text)
    DMA1_Stream5_IRQHandler                  0x080002d7   Thumb Code     0  startup_stm32f767xx.o(.text)
    DMA1_Stream6_IRQHandler                  0x080002d7   Thumb Code     0  startup_stm32f767xx.o(.text)
    DMA1_Stream7_IRQHandler                  0x080002d7   Thumb Code     0  startup_stm32f767xx.o(.text)
    DMA2D_IRQHandler                         0x080002d7   Thumb Code     0  startup_stm32f767xx.o(.text)
    DMA2_Stream0_IRQHandler                  0x080002d7   Thumb Code     0  startup_stm32f767xx.o(.text)
    DMA2_Stream1_IRQHandler                  0x080002d7   Thumb Code     0  startup_stm32f767xx.o(.text)
    DMA2_Stream2_IRQHandler                  0x080002d7   Thumb Code     0  startup_stm32f767xx.o(.text)
    DMA2_Stream3_IRQHandler                  0x080002d7   Thumb Code     0  startup_stm32f767xx.o(.text)
    DMA2_Stream4_IRQHandler                  0x080002d7   Thumb Code     0  startup_stm32f767xx.o(.text)
    DMA2_Stream5_IRQHandler                  0x080002d7   Thumb Code     0  startup_stm32f767xx.o(.text)
    DMA2_Stream6_IRQHandler                  0x080002d7   Thumb Code     0  startup_stm32f767xx.o(.text)
    DMA2_Stream7_IRQHandler                  0x080002d7   Thumb Code     0  startup_stm32f767xx.o(.text)
    ETH_IRQHandler                           0x080002d7   Thumb Code     0  startup_stm32f767xx.o(.text)
    ETH_WKUP_IRQHandler                      0x080002d7   Thumb Code     0  startup_stm32f767xx.o(.text)
    EXTI0_IRQHandler                         0x080002d7   Thumb Code     0  startup_stm32f767xx.o(.text)
    EXTI15_10_IRQHandler                     0x080002d7   Thumb Code     0  startup_stm32f767xx.o(.text)
    EXTI1_IRQHandler                         0x080002d7   Thumb Code     0  startup_stm32f767xx.o(.text)
    EXTI2_IRQHandler                         0x080002d7   Thumb Code     0  startup_stm32f767xx.o(.text)
    EXTI3_IRQHandler                         0x080002d7   Thumb Code     0  startup_stm32f767xx.o(.text)
    EXTI4_IRQHandler                         0x080002d7   Thumb Code     0  startup_stm32f767xx.o(.text)
    EXTI9_5_IRQHandler                       0x080002d7   Thumb Code     0  startup_stm32f767xx.o(.text)
    FLASH_IRQHandler                         0x080002d7   Thumb Code     0  startup_stm32f767xx.o(.text)
    FMC_IRQHandler                           0x080002d7   Thumb Code     0  startup_stm32f767xx.o(.text)
    FPU_IRQHandler                           0x080002d7   Thumb Code     0  startup_stm32f767xx.o(.text)
    I2C1_ER_IRQHandler                       0x080002d7   Thumb Code     0  startup_stm32f767xx.o(.text)
    I2C1_EV_IRQHandler                       0x080002d7   Thumb Code     0  startup_stm32f767xx.o(.text)
    I2C2_ER_IRQHandler                       0x080002d7   Thumb Code     0  startup_stm32f767xx.o(.text)
    I2C2_EV_IRQHandler                       0x080002d7   Thumb Code     0  startup_stm32f767xx.o(.text)
    I2C3_ER_IRQHandler                       0x080002d7   Thumb Code     0  startup_stm32f767xx.o(.text)
    I2C3_EV_IRQHandler                       0x080002d7   Thumb Code     0  startup_stm32f767xx.o(.text)
    I2C4_ER_IRQHandler                       0x080002d7   Thumb Code     0  startup_stm32f767xx.o(.text)
    I2C4_EV_IRQHandler                       0x080002d7   Thumb Code     0  startup_stm32f767xx.o(.text)
    JPEG_IRQHandler                          0x080002d7   Thumb Code     0  startup_stm32f767xx.o(.text)
    LPTIM1_IRQHandler                        0x080002d7   Thumb Code     0  startup_stm32f767xx.o(.text)
    LTDC_ER_IRQHandler                       0x080002d7   Thumb Code     0  startup_stm32f767xx.o(.text)
    LTDC_IRQHandler                          0x080002d7   Thumb Code     0  startup_stm32f767xx.o(.text)
    MDIOS_IRQHandler                         0x080002d7   Thumb Code     0  startup_stm32f767xx.o(.text)
    OTG_FS_IRQHandler                        0x080002d7   Thumb Code     0  startup_stm32f767xx.o(.text)
    OTG_FS_WKUP_IRQHandler                   0x080002d7   Thumb Code     0  startup_stm32f767xx.o(.text)
    OTG_HS_EP1_IN_IRQHandler                 0x080002d7   Thumb Code     0  startup_stm32f767xx.o(.text)
    OTG_HS_EP1_OUT_IRQHandler                0x080002d7   Thumb Code     0  startup_stm32f767xx.o(.text)
    OTG_HS_IRQHandler                        0x080002d7   Thumb Code     0  startup_stm32f767xx.o(.text)
    OTG_HS_WKUP_IRQHandler                   0x080002d7   Thumb Code     0  startup_stm32f767xx.o(.text)
    PVD_IRQHandler                           0x080002d7   Thumb Code     0  startup_stm32f767xx.o(.text)
    QUADSPI_IRQHandler                       0x080002d7   Thumb Code     0  startup_stm32f767xx.o(.text)
    RCC_IRQHandler                           0x080002d7   Thumb Code     0  startup_stm32f767xx.o(.text)
    RNG_IRQHandler                           0x080002d7   Thumb Code     0  startup_stm32f767xx.o(.text)
    RTC_Alarm_IRQHandler                     0x080002d7   Thumb Code     0  startup_stm32f767xx.o(.text)
    RTC_WKUP_IRQHandler                      0x080002d7   Thumb Code     0  startup_stm32f767xx.o(.text)
    SAI1_IRQHandler                          0x080002d7   Thumb Code     0  startup_stm32f767xx.o(.text)
    SAI2_IRQHandler                          0x080002d7   Thumb Code     0  startup_stm32f767xx.o(.text)
    SDMMC1_IRQHandler                        0x080002d7   Thumb Code     0  startup_stm32f767xx.o(.text)
    SDMMC2_IRQHandler                        0x080002d7   Thumb Code     0  startup_stm32f767xx.o(.text)
    SPDIF_RX_IRQHandler                      0x080002d7   Thumb Code     0  startup_stm32f767xx.o(.text)
    SPI1_IRQHandler                          0x080002d7   Thumb Code     0  startup_stm32f767xx.o(.text)
    SPI2_IRQHandler                          0x080002d7   Thumb Code     0  startup_stm32f767xx.o(.text)
    SPI3_IRQHandler                          0x080002d7   Thumb Code     0  startup_stm32f767xx.o(.text)
    SPI4_IRQHandler                          0x080002d7   Thumb Code     0  startup_stm32f767xx.o(.text)
    SPI5_IRQHandler                          0x080002d7   Thumb Code     0  startup_stm32f767xx.o(.text)
    SPI6_IRQHandler                          0x080002d7   Thumb Code     0  startup_stm32f767xx.o(.text)
    TAMP_STAMP_IRQHandler                    0x080002d7   Thumb Code     0  startup_stm32f767xx.o(.text)
    TIM1_BRK_TIM9_IRQHandler                 0x080002d7   Thumb Code     0  startup_stm32f767xx.o(.text)
    TIM1_CC_IRQHandler                       0x080002d7   Thumb Code     0  startup_stm32f767xx.o(.text)
    TIM1_TRG_COM_TIM11_IRQHandler            0x080002d7   Thumb Code     0  startup_stm32f767xx.o(.text)
    TIM1_UP_TIM10_IRQHandler                 0x080002d7   Thumb Code     0  startup_stm32f767xx.o(.text)
    TIM2_IRQHandler                          0x080002d7   Thumb Code     0  startup_stm32f767xx.o(.text)
    TIM4_IRQHandler                          0x080002d7   Thumb Code     0  startup_stm32f767xx.o(.text)
    TIM5_IRQHandler                          0x080002d7   Thumb Code     0  startup_stm32f767xx.o(.text)
    TIM6_DAC_IRQHandler                      0x080002d7   Thumb Code     0  startup_stm32f767xx.o(.text)
    TIM7_IRQHandler                          0x080002d7   Thumb Code     0  startup_stm32f767xx.o(.text)
    TIM8_BRK_TIM12_IRQHandler                0x080002d7   Thumb Code     0  startup_stm32f767xx.o(.text)
    TIM8_CC_IRQHandler                       0x080002d7   Thumb Code     0  startup_stm32f767xx.o(.text)
    TIM8_TRG_COM_TIM14_IRQHandler            0x080002d7   Thumb Code     0  startup_stm32f767xx.o(.text)
    TIM8_UP_TIM13_IRQHandler                 0x080002d7   Thumb Code     0  startup_stm32f767xx.o(.text)
    UART4_IRQHandler                         0x080002d7   Thumb Code     0  startup_stm32f767xx.o(.text)
    UART5_IRQHandler                         0x080002d7   Thumb Code     0  startup_stm32f767xx.o(.text)
    UART7_IRQHandler                         0x080002d7   Thumb Code     0  startup_stm32f767xx.o(.text)
    UART8_IRQHandler                         0x080002d7   Thumb Code     0  startup_stm32f767xx.o(.text)
    USART2_IRQHandler                        0x080002d7   Thumb Code     0  startup_stm32f767xx.o(.text)
    USART6_IRQHandler                        0x080002d7   Thumb Code     0  startup_stm32f767xx.o(.text)
    WWDG_IRQHandler                          0x080002d7   Thumb Code     0  startup_stm32f767xx.o(.text)
    __user_initial_stackheap                 0x080002d9   Thumb Code     0  startup_stm32f767xx.o(.text)
    __use_no_semihosting                     0x080002fd   Thumb Code     2  use_no_semi_2.o(.text)
    __2printf                                0x08000301   Thumb Code    20  noretval__2printf.o(.text)
    __2sprintf                               0x08000319   Thumb Code    34  noretval__2sprintf.o(.text)
    _printf_pre_padding                      0x08000341   Thumb Code    44  _printf_pad.o(.text)
    _printf_post_padding                     0x0800036d   Thumb Code    34  _printf_pad.o(.text)
    _printf_int_dec                          0x08000391   Thumb Code   104  _printf_dec.o(.text)
    _printf_int_hex                          0x08000409   Thumb Code    84  _printf_hex_int.o(.text)
    _printf_longlong_hex                     0x08000409   Thumb Code     0  _printf_hex_int.o(.text)
    __printf                                 0x08000461   Thumb Code   308  __printf_flags_wp.o(.text)
    __aeabi_memcpy                           0x08000599   Thumb Code     0  rt_memcpy_v6.o(.text)
    __rt_memcpy                              0x08000599   Thumb Code   138  rt_memcpy_v6.o(.text)
    _memcpy_lastbytes                        0x080005ff   Thumb Code     0  rt_memcpy_v6.o(.text)
    __aeabi_memcpy4                          0x08000623   Thumb Code     0  rt_memcpy_w.o(.text)
    __aeabi_memcpy8                          0x08000623   Thumb Code     0  rt_memcpy_w.o(.text)
    __rt_memcpy_w                            0x08000623   Thumb Code   100  rt_memcpy_w.o(.text)
    _memcpy_lastbytes_aligned                0x0800066b   Thumb Code     0  rt_memcpy_w.o(.text)
    __aeabi_memclr                           0x08000687   Thumb Code     0  rt_memclr.o(.text)
    __rt_memclr                              0x08000687   Thumb Code    68  rt_memclr.o(.text)
    _memset                                  0x0800068b   Thumb Code     0  rt_memclr.o(.text)
    __aeabi_memclr4                          0x080006cb   Thumb Code     0  rt_memclr_w.o(.text)
    __aeabi_memclr8                          0x080006cb   Thumb Code     0  rt_memclr_w.o(.text)
    __rt_memclr_w                            0x080006cb   Thumb Code    78  rt_memclr_w.o(.text)
    _memset_w                                0x080006cf   Thumb Code     0  rt_memclr_w.o(.text)
    __use_two_region_memory                  0x08000719   Thumb Code     2  heapauxi.o(.text)
    __rt_heap_escrow$2region                 0x0800071b   Thumb Code     2  heapauxi.o(.text)
    __rt_heap_expand$2region                 0x0800071d   Thumb Code     2  heapauxi.o(.text)
    __I$use$semihosting                      0x0800071f   Thumb Code     0  use_no_semi.o(.text)
    __use_no_semihosting_swi                 0x0800071f   Thumb Code     2  use_no_semi.o(.text)
    __read_errno                             0x08000721   Thumb Code    10  _rserrno.o(.text)
    __set_errno                              0x0800072b   Thumb Code    12  _rserrno.o(.text)
    _printf_int_common                       0x08000737   Thumb Code   178  _printf_intcommon.o(.text)
    __lib_sel_fp_printf                      0x080007e9   Thumb Code     2  _printf_fp_dec.o(.text)
    _printf_fp_dec_real                      0x08000997   Thumb Code   620  _printf_fp_dec.o(.text)
    _printf_char_common                      0x08000c0f   Thumb Code    32  _printf_char_common.o(.text)
    _sputc                                   0x08000c35   Thumb Code    10  _sputc.o(.text)
    _printf_char_file                        0x08000c41   Thumb Code    32  _printf_char_file.o(.text)
    __rt_locale                              0x08000c65   Thumb Code     8  rt_locale_intlibspace.o(.text)
    __aeabi_errno_addr                       0x08000c6d   Thumb Code     8  rt_errno_addr_intlibspace.o(.text)
    __errno$intlibspace                      0x08000c6d   Thumb Code     0  rt_errno_addr_intlibspace.o(.text)
    __rt_errno_addr$intlibspace              0x08000c6d   Thumb Code     0  rt_errno_addr_intlibspace.o(.text)
    _ll_udiv10                               0x08000c75   Thumb Code   138  lludiv10.o(.text)
    _printf_fp_infnan                        0x08000d01   Thumb Code   112  _printf_fp_infnan.o(.text)
    _btod_etento                             0x08000d81   Thumb Code   216  bigflt0.o(.text)
    ferror                                   0x08000e5d   Thumb Code     8  ferror.o(.text)
    __user_libspace                          0x08000e65   Thumb Code     8  libspace.o(.text)
    __user_perproc_libspace                  0x08000e65   Thumb Code     0  libspace.o(.text)
    __user_perthread_libspace                0x08000e65   Thumb Code     0  libspace.o(.text)
    __user_setup_stackheap                   0x08000e6d   Thumb Code    74  sys_stackheap_outer.o(.text)
    exit                                     0x08000eb7   Thumb Code    12  exit.o(.text)
    strcmp                                   0x08000ec5   Thumb Code   104  strcmpv7m_pel.o(.text)
    _btod_d2e                                0x08000f2d   Thumb Code    62  btod.o(CL$$btod_d2e)
    _d2e_denorm_low                          0x08000f6b   Thumb Code    70  btod.o(CL$$btod_d2e_denorm_low)
    _d2e_norm_op1                            0x08000fb1   Thumb Code    96  btod.o(CL$$btod_d2e_norm_op1)
    __btod_div_common                        0x08001011   Thumb Code   696  btod.o(CL$$btod_div_common)
    _e2e                                     0x08001349   Thumb Code   198  btod.o(CL$$btod_e2e)
    _btod_ediv                               0x0800140f   Thumb Code    40  btod.o(CL$$btod_ediv)
    _btod_emul                               0x08001437   Thumb Code    40  btod.o(CL$$btod_emul)
    __btod_mult_common                       0x0800145f   Thumb Code   580  btod.o(CL$$btod_mult_common)
    BusFault_Handler                         0x0800181d   Thumb Code     4  stm32f7xx_it.o(i.BusFault_Handler)
    Cache_Enable                             0x08001821   Thumb Code   112  sys.o(i.Cache_Enable)
    DHT11_Check                              0x08001899   Thumb Code   100  dht11.o(i.DHT11_Check)
    DHT11_Init                               0x08001901   Thumb Code    66  dht11.o(i.DHT11_Init)
    DHT11_Read_Bit                           0x0800194d   Thumb Code    88  dht11.o(i.DHT11_Read_Bit)
    DHT11_Read_Byte                          0x080019a9   Thumb Code    30  dht11.o(i.DHT11_Read_Byte)
    DHT11_Read_Data                          0x080019c7   Thumb Code    88  dht11.o(i.DHT11_Read_Data)
    DHT11_Rst                                0x08001a21   Thumb Code    58  dht11.o(i.DHT11_Rst)
    DebugMon_Handler                         0x08001a61   Thumb Code     2  stm32f7xx_it.o(i.DebugMon_Handler)
    FMC_NORSRAM_Extended_Timing_Init         0x08001a65   Thumb Code    66  stm32f7xx_ll_fmc.o(i.FMC_NORSRAM_Extended_Timing_Init)
    FMC_NORSRAM_Init                         0x08001aad   Thumb Code   124  stm32f7xx_ll_fmc.o(i.FMC_NORSRAM_Init)
    FMC_NORSRAM_Timing_Init                  0x08001b2d   Thumb Code    94  stm32f7xx_ll_fmc.o(i.FMC_NORSRAM_Timing_Init)
    FMC_SDRAM_Init                           0x08001b8b   Thumb Code   116  stm32f7xx_ll_fmc.o(i.FMC_SDRAM_Init)
    FMC_SDRAM_ProgramRefreshRate             0x08001bff   Thumb Code    14  stm32f7xx_ll_fmc.o(i.FMC_SDRAM_ProgramRefreshRate)
    FMC_SDRAM_SendCommand                    0x08001c0d   Thumb Code    82  stm32f7xx_ll_fmc.o(i.FMC_SDRAM_SendCommand)
    FMC_SDRAM_Timing_Init                    0x08001c61   Thumb Code   152  stm32f7xx_ll_fmc.o(i.FMC_SDRAM_Timing_Init)
    Fan_Init                                 0x08001cfd   Thumb Code    68  fan.o(i.Fan_Init)
    Get_Adc                                  0x08001d49   Thumb Code    52  adc.o(i.Get_Adc)
    Get_Adc_Average                          0x08001d81   Thumb Code    46  adc.o(i.Get_Adc_Average)
    Gizwits_Init                             0x08001db1   Thumb Code    34  main.o(i.Gizwits_Init)
    HAL_ADC_ConfigChannel                    0x08001dd9   Thumb Code   414  stm32f7xx_hal_adc.o(i.HAL_ADC_ConfigChannel)
    HAL_ADC_GetValue                         0x08001f8d   Thumb Code     8  stm32f7xx_hal_adc.o(i.HAL_ADC_GetValue)
    HAL_ADC_Init                             0x08001f95   Thumb Code   100  stm32f7xx_hal_adc.o(i.HAL_ADC_Init)
    HAL_ADC_MspInit                          0x08001ffd   Thumb Code   126  adc.o(i.HAL_ADC_MspInit)
    HAL_ADC_PollForConversion                0x08002085   Thumb Code   186  stm32f7xx_hal_adc.o(i.HAL_ADC_PollForConversion)
    HAL_ADC_Start                            0x08002141   Thumb Code   238  stm32f7xx_hal_adc.o(i.HAL_ADC_Start)
    HAL_DMA_Abort_IT                         0x08002241   Thumb Code    40  stm32f7xx_hal_dma.o(i.HAL_DMA_Abort_IT)
    HAL_GPIO_Init                            0x08002269   Thumb Code   484  stm32f7xx_hal_gpio.o(i.HAL_GPIO_Init)
    HAL_GPIO_ReadPin                         0x08002481   Thumb Code    16  stm32f7xx_hal_gpio.o(i.HAL_GPIO_ReadPin)
    HAL_GPIO_TogglePin                       0x08002491   Thumb Code     8  stm32f7xx_hal_gpio.o(i.HAL_GPIO_TogglePin)
    HAL_GPIO_WritePin                        0x08002499   Thumb Code    12  stm32f7xx_hal_gpio.o(i.HAL_GPIO_WritePin)
    HAL_GetTick                              0x080024a5   Thumb Code     6  stm32f7xx_hal.o(i.HAL_GetTick)
    HAL_IncTick                              0x080024b1   Thumb Code    12  stm32f7xx_hal.o(i.HAL_IncTick)
    HAL_Init                                 0x080024c1   Thumb Code    34  stm32f7xx_hal.o(i.HAL_Init)
    HAL_InitTick                             0x080024e9   Thumb Code    36  stm32f7xx_hal.o(i.HAL_InitTick)
    HAL_LTDC_ConfigLayer                     0x08002511   Thumb Code    94  stm32f7xx_hal_ltdc.o(i.HAL_LTDC_ConfigLayer)
    HAL_LTDC_Init                            0x08002571   Thumb Code   290  stm32f7xx_hal_ltdc.o(i.HAL_LTDC_Init)
    HAL_LTDC_MspInit                         0x08002699   Thumb Code   294  ltdc.o(i.HAL_LTDC_MspInit)
    HAL_LTDC_SetWindowPosition               0x080027d9   Thumb Code   108  stm32f7xx_hal_ltdc.o(i.HAL_LTDC_SetWindowPosition)
    HAL_LTDC_SetWindowSize                   0x08002845   Thumb Code   116  stm32f7xx_hal_ltdc.o(i.HAL_LTDC_SetWindowSize)
    HAL_MPU_ConfigRegion                     0x080028b9   Thumb Code    88  stm32f7xx_hal_cortex.o(i.HAL_MPU_ConfigRegion)
    HAL_MspInit                              0x08002915   Thumb Code     2  stm32f7xx_hal.o(i.HAL_MspInit)
    HAL_NVIC_EnableIRQ                       0x08002917   Thumb Code    26  stm32f7xx_hal_cortex.o(i.HAL_NVIC_EnableIRQ)
    HAL_NVIC_SetPriority                     0x08002931   Thumb Code   124  stm32f7xx_hal_cortex.o(i.HAL_NVIC_SetPriority)
    HAL_NVIC_SetPriorityGrouping             0x080029ad   Thumb Code    32  stm32f7xx_hal_cortex.o(i.HAL_NVIC_SetPriorityGrouping)
    HAL_PWREx_EnableOverDrive                0x080029d5   Thumb Code   136  stm32f7xx_hal_pwr_ex.o(i.HAL_PWREx_EnableOverDrive)
    HAL_RCCEx_PeriphCLKConfig                0x08002a65   Thumb Code  2428  stm32f7xx_hal_rcc_ex.o(i.HAL_RCCEx_PeriphCLKConfig)
    HAL_RCC_ClockConfig                      0x080033e5   Thumb Code   420  stm32f7xx_hal_rcc.o(i.HAL_RCC_ClockConfig)
    HAL_RCC_GetHCLKFreq                      0x08003599   Thumb Code     6  stm32f7xx_hal_rcc.o(i.HAL_RCC_GetHCLKFreq)
    HAL_RCC_GetPCLK1Freq                     0x080035a5   Thumb Code    36  stm32f7xx_hal_rcc.o(i.HAL_RCC_GetPCLK1Freq)
    HAL_RCC_GetPCLK2Freq                     0x080035d1   Thumb Code    36  stm32f7xx_hal_rcc.o(i.HAL_RCC_GetPCLK2Freq)
    HAL_RCC_GetSysClockFreq                  0x080035fd   Thumb Code   168  stm32f7xx_hal_rcc.o(i.HAL_RCC_GetSysClockFreq)
    HAL_RCC_OscConfig                        0x080036b1   Thumb Code  1228  stm32f7xx_hal_rcc_ex.o(i.HAL_RCC_OscConfig)
    HAL_SDRAM_Init                           0x08003b81   Thumb Code    64  stm32f7xx_hal_sdram.o(i.HAL_SDRAM_Init)
    HAL_SDRAM_MspInit                        0x08003bc1   Thumb Code   258  sdram.o(i.HAL_SDRAM_MspInit)
    HAL_SDRAM_ProgramRefreshRate             0x08003cdd   Thumb Code    40  stm32f7xx_hal_sdram.o(i.HAL_SDRAM_ProgramRefreshRate)
    HAL_SDRAM_SendCommand                    0x08003d05   Thumb Code    58  stm32f7xx_hal_sdram.o(i.HAL_SDRAM_SendCommand)
    HAL_SRAM_Init                            0x08003d3f   Thumb Code    88  stm32f7xx_hal_sram.o(i.HAL_SRAM_Init)
    HAL_SRAM_MspInit                         0x08003d99   Thumb Code   140  lcd.o(i.HAL_SRAM_MspInit)
    HAL_SYSTICK_CLKSourceConfig              0x08003e31   Thumb Code    40  stm32f7xx_hal_cortex.o(i.HAL_SYSTICK_CLKSourceConfig)
    HAL_SYSTICK_Config                       0x08003e59   Thumb Code    52  stm32f7xx_hal_cortex.o(i.HAL_SYSTICK_Config)
    HAL_TIM_Base_Init                        0x08003e8d   Thumb Code    46  stm32f7xx_hal_tim.o(i.HAL_TIM_Base_Init)
    HAL_TIM_Base_MspInit                     0x08003ebd   Thumb Code    58  timer.o(i.HAL_TIM_Base_MspInit)
    HAL_TIM_Base_Start_IT                    0x08003f01   Thumb Code    30  stm32f7xx_hal_tim.o(i.HAL_TIM_Base_Start_IT)
    HAL_UART_ErrorCallback                   0x08003f1f   Thumb Code     2  stm32f7xx_hal_uart.o(i.HAL_UART_ErrorCallback)
    HAL_UART_IRQHandler                      0x08003f21   Thumb Code   344  stm32f7xx_hal_uart.o(i.HAL_UART_IRQHandler)
    HAL_UART_Init                            0x0800407d   Thumb Code   120  stm32f7xx_hal_uart.o(i.HAL_UART_Init)
    HAL_UART_MspInit                         0x080040f5   Thumb Code   148  usart.o(i.HAL_UART_MspInit)
    HAL_UART_Receive                         0x08004195   Thumb Code   274  stm32f7xx_hal_uart.o(i.HAL_UART_Receive)
    HAL_UART_RxCpltCallback                  0x080042a7   Thumb Code     2  stm32f7xx_hal_uart.o(i.HAL_UART_RxCpltCallback)
    HAL_UART_Transmit                        0x080042a9   Thumb Code   198  stm32f7xx_hal_uart.o(i.HAL_UART_Transmit)
    HAL_UART_TxCpltCallback                  0x0800436f   Thumb Code     2  stm32f7xx_hal_uart.o(i.HAL_UART_TxCpltCallback)
    HardFault_Handler                        0x08004371   Thumb Code     4  stm32f7xx_it.o(i.HardFault_Handler)
    IIC_Ack                                  0x08004375   Thumb Code    78  myiic.o(i.IIC_Ack)
    IIC_Init                                 0x080043c9   Thumb Code    78  myiic.o(i.IIC_Init)
    IIC_NAck                                 0x08004421   Thumb Code    78  myiic.o(i.IIC_NAck)
    IIC_Read_Byte                            0x08004475   Thumb Code   102  myiic.o(i.IIC_Read_Byte)
    IIC_Send_Byte                            0x080044e1   Thumb Code   118  myiic.o(i.IIC_Send_Byte)
    IIC_Start                                0x0800455d   Thumb Code    78  myiic.o(i.IIC_Start)
    IIC_Stop                                 0x080045b1   Thumb Code    78  myiic.o(i.IIC_Stop)
    IIC_Wait_Ack                             0x08004605   Thumb Code    98  myiic.o(i.IIC_Wait_Ack)
    KEY_Init                                 0x0800466d   Thumb Code   150  key.o(i.KEY_Init)
    KEY_Scan                                 0x08004715   Thumb Code   192  key.o(i.KEY_Scan)
    LCD_Clear                                0x080047e5   Thumb Code    58  lcd.o(i.LCD_Clear)
    LCD_Display_Dir                          0x0800482d   Thumb Code   376  lcd.o(i.LCD_Display_Dir)
    LCD_Fast_DrawPoint                       0x080049ad   Thumb Code   278  lcd.o(i.LCD_Fast_DrawPoint)
    LCD_Fill                                 0x08004ad1   Thumb Code   104  lcd.o(i.LCD_Fill)
    LCD_Init                                 0x08004b41   Thumb Code  9306  lcd.o(i.LCD_Init)
    LCD_MPU_Config                           0x08006fa9   Thumb Code   128  lcd.o(i.LCD_MPU_Config)
    LCD_Pow                                  0x0800702d   Thumb Code    22  lcd.o(i.LCD_Pow)
    LCD_RD_DATA                              0x08007045   Thumb Code    14  lcd.o(i.LCD_RD_DATA)
    LCD_SSD_BackLightSet                     0x08007059   Thumb Code    72  lcd.o(i.LCD_SSD_BackLightSet)
    LCD_Scan_Dir                             0x080070a9   Thumb Code   624  lcd.o(i.LCD_Scan_Dir)
    LCD_SetCursor                            0x0800731d   Thumb Code   306  lcd.o(i.LCD_SetCursor)
    LCD_ShowChar                             0x08007455   Thumb Code   288  lcd.o(i.LCD_ShowChar)
    LCD_ShowString                           0x08007591   Thumb Code   102  lcd.o(i.LCD_ShowString)
    LCD_ShowxNum                             0x080075f7   Thumb Code   190  lcd.o(i.LCD_ShowxNum)
    LCD_WR_DATA                              0x080076b5   Thumb Code    18  lcd.o(i.LCD_WR_DATA)
    LCD_WR_REG                               0x080076cd   Thumb Code    18  lcd.o(i.LCD_WR_REG)
    LCD_WriteRAM_Prepare                     0x080076e5   Thumb Code    10  lcd.o(i.LCD_WriteRAM_Prepare)
    LCD_WriteReg                             0x080076f9   Thumb Code    10  lcd.o(i.LCD_WriteReg)
    LED_Init                                 0x08007709   Thumb Code    78  led.o(i.LED_Init)
    LTDC_Clear                               0x08007761   Thumb Code    32  ltdc.o(i.LTDC_Clear)
    LTDC_Clk_Set                             0x08007785   Thumb Code    38  ltdc.o(i.LTDC_Clk_Set)
    LTDC_Display_Dir                         0x080077ad   Thumb Code    40  ltdc.o(i.LTDC_Display_Dir)
    LTDC_Draw_Point                          0x080077d9   Thumb Code    70  ltdc.o(i.LTDC_Draw_Point)
    LTDC_Fill                                0x08007829   Thumb Code   310  ltdc.o(i.LTDC_Fill)
    LTDC_Init                                0x08007971   Thumb Code   534  ltdc.o(i.LTDC_Init)
    LTDC_Layer_Parameter_Config              0x08007ba5   Thumb Code   114  ltdc.o(i.LTDC_Layer_Parameter_Config)
    LTDC_Layer_Window_Config                 0x08007c21   Thumb Code    44  ltdc.o(i.LTDC_Layer_Window_Config)
    LTDC_PanelID_Read                        0x08007c51   Thumb Code   188  ltdc.o(i.LTDC_PanelID_Read)
    LTDC_Select_Layer                        0x08007d19   Thumb Code     6  ltdc.o(i.LTDC_Select_Layer)
    MGGetPercentage                          0x08007f39   Thumb Code    90  co2.o(i.MGGetPercentage)
    MQ7_PPM_Calibration                      0x08007f99   Thumb Code    50  co.o(i.MQ7_PPM_Calibration)
    MQ7_PPM_GET                              0x08007fe1   Thumb Code   130  co.o(i.MQ7_PPM_GET)
    MY_ADC_Init                              0x08008089   Thumb Code    58  adc.o(i.MY_ADC_Init)
    NMI_Handler                              0x080080d1   Thumb Code     2  stm32f7xx_it.o(i.NMI_Handler)
    PCF8574_Init                             0x0800810d   Thumb Code    94  pcf8574.o(i.PCF8574_Init)
    PCF8574_ReadBit                          0x08008175   Thumb Code    26  pcf8574.o(i.PCF8574_ReadBit)
    PCF8574_ReadOneByte                      0x0800818f   Thumb Code    34  pcf8574.o(i.PCF8574_ReadOneByte)
    PCF8574_WriteOneByte                     0x080081b1   Thumb Code    40  pcf8574.o(i.PCF8574_WriteOneByte)
    PendSV_Handler                           0x080081d9   Thumb Code     2  stm32f7xx_it.o(i.PendSV_Handler)
    SDRAM_Init                               0x08008279   Thumb Code    96  sdram.o(i.SDRAM_Init)
    SDRAM_Initialization_Sequence            0x080082e1   Thumb Code    78  sdram.o(i.SDRAM_Initialization_Sequence)
    SDRAM_Send_Cmd                           0x08008335   Thumb Code    68  sdram.o(i.SDRAM_Send_Cmd)
    SVC_Handler                              0x0800837d   Thumb Code     2  stm32f7xx_it.o(i.SVC_Handler)
    Stm32_Clock_Init                         0x08008381   Thumb Code   170  sys.o(i.Stm32_Clock_Init)
    SysTick_Handler                          0x08008435   Thumb Code     8  stm32f7xx_it.o(i.SysTick_Handler)
    SystemInit                               0x0800843d   Thumb Code    82  system_stm32f7xx.o(i.SystemInit)
    TIM3_IRQHandler                          0x080084a1   Thumb Code    42  timer.o(i.TIM3_IRQHandler)
    TIM3_Init                                0x080084d1   Thumb Code    36  timer.o(i.TIM3_Init)
    TIM_Base_SetConfig                       0x080084fd   Thumb Code   184  stm32f7xx_hal_tim.o(i.TIM_Base_SetConfig)
    UART_AdvFeatureConfig                    0x080085e1   Thumb Code   234  stm32f7xx_hal_uart.o(i.UART_AdvFeatureConfig)
    UART_CheckIdleState                      0x080086cb   Thumb Code   116  stm32f7xx_hal_uart.o(i.UART_CheckIdleState)
    UART_SetConfig                           0x08008821   Thumb Code   858  stm32f7xx_hal_uart.o(i.UART_SetConfig)
    UART_WaitOnFlagUntilTimeout              0x08008c17   Thumb Code   108  stm32f7xx_hal_uart.o(i.UART_WaitOnFlagUntilTimeout)
    USART1_IRQHandler                        0x08008c85   Thumb Code   146  usart.o(i.USART1_IRQHandler)
    USART3_IRQHandler                        0x08008d25   Thumb Code    34  usart3.o(i.USART3_IRQHandler)
    UsageFault_Handler                       0x08008d4d   Thumb Code     4  stm32f7xx_it.o(i.UsageFault_Handler)
    __ARM_fpclassify                         0x08008d51   Thumb Code    48  fpclassify.o(i.__ARM_fpclassify)
    __hardfp_pow                             0x08008d81   Thumb Code  2116  pow.o(i.__hardfp_pow)
    __kernel_poly                            0x08009659   Thumb Code   112  poly.o(i.__kernel_poly)
    __mathlib_dbl_divzero                    0x080096c9   Thumb Code    14  dunder.o(i.__mathlib_dbl_divzero)
    __mathlib_dbl_infnan2                    0x080096e9   Thumb Code     6  dunder.o(i.__mathlib_dbl_infnan2)
    __mathlib_dbl_invalid                    0x080096f1   Thumb Code    10  dunder.o(i.__mathlib_dbl_invalid)
    __mathlib_dbl_overflow                   0x08009709   Thumb Code    10  dunder.o(i.__mathlib_dbl_overflow)
    __mathlib_dbl_underflow                  0x08009721   Thumb Code    10  dunder.o(i.__mathlib_dbl_underflow)
    _is_digit                                0x08009739   Thumb Code    14  __printf_wp.o(i._is_digit)
    _sys_exit                                0x08009747   Thumb Code     4  usart.o(i._sys_exit)
    delay_init                               0x0800974d   Thumb Code    16  delay.o(i.delay_init)
    delay_ms                                 0x08009761   Thumb Code    24  delay.o(i.delay_ms)
    delay_us                                 0x08009779   Thumb Code    68  delay.o(i.delay_us)
    exchangeBytes                            0x080097c1   Thumb Code    26  common.o(i.exchangeBytes)
    exchangeWord                             0x080097db   Thumb Code    26  common.o(i.exchangeWord)
    fabs                                     0x080097f5   Thumb Code    24  fabs.o(i.fabs)
    fputc                                    0x0800980d   Thumb Code    22  usart.o(i.fputc)
    gizAcrossByteJudge                       0x08009829   Thumb Code    42  datapointtools.o(i.gizAcrossByteJudge)
    gizByteOrderExchange                     0x08009853   Thumb Code    50  datapointtools.o(i.gizByteOrderExchange)
    gizGetTimerCount                         0x08009d71   Thumb Code     6  gizwits_product.o(i.gizGetTimerCount)
    gizProtocolSum                           0x0800ab95   Thumb Code    38  common.o(i.gizProtocolSum)
    gizPutData                               0x0800ac69   Thumb Code    52  gizwits_protocol.o(i.gizPutData)
    gizStandardCompressValue                 0x0800adb1   Thumb Code   128  datapointtools.o(i.gizStandardCompressValue)
    gizStandardDecompressionValue            0x0800ae31   Thumb Code   194  datapointtools.o(i.gizStandardDecompressionValue)
    gizTimerMs                               0x0800aef5   Thumb Code    12  gizwits_product.o(i.gizTimerMs)
    gizY2X                                   0x0800af05   Thumb Code    14  datapointtools.o(i.gizY2X)
    gizwitsEventProcess                      0x0800af15   Thumb Code   210  gizwits_product.o(i.gizwitsEventProcess)
    gizwitsHandle                            0x0800b05d   Thumb Code   598  gizwits_protocol.o(i.gizwitsHandle)
    gizwitsInit                              0x0800b3cd   Thumb Code    46  gizwits_protocol.o(i.gizwitsInit)
    gizwitsSetMode                           0x0800b431   Thumb Code   590  gizwits_protocol.o(i.gizwitsSetMode)
    main                                     0x0800b6b9   Thumb Code   762  main.o(i.main)
    mcuRestart                               0x0800bb4d   Thumb Code    68  gizwits_product.o(i.mcuRestart)
    pm_valueget                              0x0800bb99   Thumb Code    34  pm.o(i.pm_valueget)
    rbCanRead                                0x0800bbd5   Thumb Code    56  ringbuffer.o(i.rbCanRead)
    rbCanWrite                               0x0800bc0d   Thumb Code    30  ringbuffer.o(i.rbCanWrite)
    rbCapacity                               0x0800bc2b   Thumb Code    14  ringbuffer.o(i.rbCapacity)
    rbCreate                                 0x0800bc39   Thumb Code    22  ringbuffer.o(i.rbCreate)
    rbRead                                   0x0800bc4f   Thumb Code   162  ringbuffer.o(i.rbRead)
    rbWrite                                  0x0800bcf1   Thumb Code   154  ringbuffer.o(i.rbWrite)
    sqrt                                     0x0800bd8b   Thumb Code   106  sqrt.o(i.sqrt)
    uart3_init                               0x0800bdf5   Thumb Code   160  usart3.o(i.uart3_init)
    uartWrite                                0x0800bea5   Thumb Code   142  gizwits_product.o(i.uartWrite)
    uart_init                                0x0800bf5d   Thumb Code    34  usart.o(i.uart_init)
    userHandle                               0x0800bf89   Thumb Code  1400  main.o(i.userHandle)
    _get_lc_numeric                          0x0800c519   Thumb Code    44  lc_numeric_c.o(locale$$code)
    __fpl_dcheck_NaN1                        0x0800c545   Thumb Code    10  dcheck1.o(x$fpl$dcheck1)
    _fp_init                                 0x0800c555   Thumb Code    10  fpinit.o(x$fpl$fpinit)
    __fplib_config_fpu_vfp                   0x0800c55d   Thumb Code     0  fpinit.o(x$fpl$fpinit)
    __fplib_config_pureend_doubles           0x0800c55d   Thumb Code     0  fpinit.o(x$fpl$fpinit)
    _printf_fp_dec                           0x0800c55f   Thumb Code     4  printf1.o(x$fpl$printf1)
    __fpl_return_NaN                         0x0800c563   Thumb Code   100  retnan.o(x$fpl$retnan)
    __ARM_scalbn                             0x0800c5c7   Thumb Code    92  scalbn.o(x$fpl$scalbn)
    __fpl_cmpreturn                          0x0800c623   Thumb Code    48  trapv.o(x$fpl$trapveneer)
    AHBPrescTable                            0x0800c652   Data          16  system_stm32f7xx.o(.constdata)
    __I$use$fp                               0x0800c652   Number         0  usenofp.o(x$fpl$usenofp)
    APBPrescTable                            0x0800c662   Data           8  system_stm32f7xx.o(.constdata)
    asc2_1206                                0x0800c66a   Data        1140  lcd.o(.constdata)
    asc2_1608                                0x0800cade   Data        1520  lcd.o(.constdata)
    asc2_2412                                0x0800d0ce   Data        3420  lcd.o(.constdata)
    asc2_3216                                0x0800de2a   Data       12160  lcd.o(.constdata)
    __mathlib_zero                           0x08010e70   Data           8  qnan.o(.constdata)
    Region$$Table$$Base                      0x08010f0c   Number         0  anon$$obj.o(Region$$Table)
    Region$$Table$$Limit                     0x08010f2c   Number         0  anon$$obj.o(Region$$Table)
    wifi_sta                                 0x20020000   Data           1  main.o(.data)
    CO2Curve                                 0x20020004   Data          12  main.o(.data)
    SystemCoreClock                          0x2002002c   Data           4  system_stm32f7xx.o(.data)
    uwTick                                   0x20020030   Data           4  stm32f7xx_hal.o(.data)
    __stdout                                 0x20020038   Data           4  usart.o(.data)
    USART_RX_STA                             0x2002003c   Data           2  usart.o(.data)
    aRxBuffer                                0x2002003e   Data           1  usart.o(.data)
    POINT_COLOR                              0x20020040   Data           4  lcd.o(.data)
    BACK_COLOR                               0x20020044   Data           4  lcd.o(.data)
    ltdc_framebuf                            0x20020048   Data           8  ltdc.o(.data)
    boot_time_ms                             0x20020050   Data           4  co.o(.data)
    Vrl                                      0x20020054   Data           4  co.o(.data)
    RS                                       0x20020058   Data           4  co.o(.data)
    ppm                                      0x2002005c   Data           4  co.o(.data)
    R0_value                                 0x20020060   Data           4  co.o(.data)
    currentDataPoint                         0x20020080   Data          26  main.o(.bss)
    USART_RX_BUF                             0x2002009c   Data         200  usart.o(.bss)
    UART1_Handler                            0x20020164   Data         112  usart.o(.bss)
    SDRAM_Handler                            0x200201d4   Data          52  sdram.o(.bss)
    SRAM_Handler                             0x20020208   Data          76  lcd.o(.bss)
    lcddev                                   0x20020254   Data          14  lcd.o(.bss)
    LTDC_Handler                             0x20020264   Data         168  ltdc.o(.bss)
    DMA2D_Handler                            0x2002030c   Data          88  ltdc.o(.bss)
    lcdltdc                                  0x20020364   Data          32  ltdc.o(.bss)
    ADC1_Handler                             0x20020384   Data          72  adc.o(.bss)
    UART3_Handler                            0x200203cc   Data         112  usart3.o(.bss)
    TIM3_Handler                             0x2002043c   Data          60  timer.o(.bss)
    gizwitsProtocol                          0x20020478   Data         330  gizwits_protocol.o(.bss)
    pRb                                      0x200205c2   Data          16  gizwits_protocol.o(.bss)
    __libspace_start                         0x20020610   Data          96  libspace.o(.bss)
    __temporary_stack_top$libspace           0x20020670   Data           0  libspace.o(.bss)
    ltdc_lcd_framebuf                        0xc0000000   Data       2048000  ltdc.o(.ARM.__AT_0xC0000000)



==============================================================================

Memory Map of the image

  Image Entry point : 0x080001f9

  Load Region LR_IROM1 (Base: 0x08000000, Size: 0x00010fc8, Max: 0x00100000, ABSOLUTE)

    Execution Region ER_IROM1 (Base: 0x08000000, Size: 0x00010f48, Max: 0x00100000, ABSOLUTE)

    Base Addr    Size         Type   Attr      Idx    E Section Name        Object

    0x08000000   0x000001f8   Data   RO          579    RESET               startup_stm32f767xx.o
    0x080001f8   0x00000008   Code   RO         5430  * !!!main             c_w.l(__main.o)
    0x08000200   0x00000034   Code   RO         5716    !!!scatter          c_w.l(__scatter.o)
    0x08000234   0x0000001a   Code   RO         5718    !!handler_copy      c_w.l(__scatter_copy.o)
    0x0800024e   0x00000002   PAD
    0x08000250   0x0000001c   Code   RO         5720    !!handler_zi        c_w.l(__scatter_zi.o)
    0x0800026c   0x00000000   Code   RO         5417    .ARM.Collect$$_printf_percent$$00000000  c_w.l(_printf_percent.o)
    0x0800026c   0x00000006   Code   RO         5416    .ARM.Collect$$_printf_percent$$00000003  c_w.l(_printf_f.o)
    0x08000272   0x00000006   Code   RO         5415    .ARM.Collect$$_printf_percent$$00000009  c_w.l(_printf_d.o)
    0x08000278   0x00000006   Code   RO         5414    .ARM.Collect$$_printf_percent$$0000000C  c_w.l(_printf_x.o)
    0x0800027e   0x00000004   Code   RO         5465    .ARM.Collect$$_printf_percent$$00000017  c_w.l(_printf_percent_end.o)
    0x08000282   0x00000002   Code   RO         5590    .ARM.Collect$$libinit$$00000000  c_w.l(libinit.o)
    0x08000284   0x00000004   Code   RO         5591    .ARM.Collect$$libinit$$00000001  c_w.l(libinit2.o)
    0x08000288   0x00000000   Code   RO         5594    .ARM.Collect$$libinit$$00000004  c_w.l(libinit2.o)
    0x08000288   0x00000000   Code   RO         5597    .ARM.Collect$$libinit$$0000000A  c_w.l(libinit2.o)
    0x08000288   0x00000000   Code   RO         5599    .ARM.Collect$$libinit$$0000000C  c_w.l(libinit2.o)
    0x08000288   0x00000000   Code   RO         5601    .ARM.Collect$$libinit$$0000000E  c_w.l(libinit2.o)
    0x08000288   0x00000006   Code   RO         5602    .ARM.Collect$$libinit$$0000000F  c_w.l(libinit2.o)
    0x0800028e   0x00000000   Code   RO         5604    .ARM.Collect$$libinit$$00000011  c_w.l(libinit2.o)
    0x0800028e   0x00000000   Code   RO         5606    .ARM.Collect$$libinit$$00000013  c_w.l(libinit2.o)
    0x0800028e   0x00000000   Code   RO         5608    .ARM.Collect$$libinit$$00000015  c_w.l(libinit2.o)
    0x0800028e   0x0000000a   Code   RO         5609    .ARM.Collect$$libinit$$00000016  c_w.l(libinit2.o)
    0x08000298   0x00000000   Code   RO         5610    .ARM.Collect$$libinit$$00000017  c_w.l(libinit2.o)
    0x08000298   0x00000000   Code   RO         5612    .ARM.Collect$$libinit$$00000019  c_w.l(libinit2.o)
    0x08000298   0x00000000   Code   RO         5614    .ARM.Collect$$libinit$$0000001B  c_w.l(libinit2.o)
    0x08000298   0x00000000   Code   RO         5616    .ARM.Collect$$libinit$$0000001D  c_w.l(libinit2.o)
    0x08000298   0x00000000   Code   RO         5618    .ARM.Collect$$libinit$$0000001F  c_w.l(libinit2.o)
    0x08000298   0x00000000   Code   RO         5620    .ARM.Collect$$libinit$$00000021  c_w.l(libinit2.o)
    0x08000298   0x00000000   Code   RO         5622    .ARM.Collect$$libinit$$00000023  c_w.l(libinit2.o)
    0x08000298   0x00000000   Code   RO         5624    .ARM.Collect$$libinit$$00000025  c_w.l(libinit2.o)
    0x08000298   0x00000000   Code   RO         5628    .ARM.Collect$$libinit$$0000002C  c_w.l(libinit2.o)
    0x08000298   0x00000000   Code   RO         5630    .ARM.Collect$$libinit$$0000002E  c_w.l(libinit2.o)
    0x08000298   0x00000000   Code   RO         5632    .ARM.Collect$$libinit$$00000030  c_w.l(libinit2.o)
    0x08000298   0x00000000   Code   RO         5634    .ARM.Collect$$libinit$$00000032  c_w.l(libinit2.o)
    0x08000298   0x00000002   Code   RO         5635    .ARM.Collect$$libinit$$00000033  c_w.l(libinit2.o)
    0x0800029a   0x00000002   Code   RO         5667    .ARM.Collect$$libshutdown$$00000000  c_w.l(libshutdown.o)
    0x0800029c   0x00000000   Code   RO         5677    .ARM.Collect$$libshutdown$$00000003  c_w.l(libshutdown2.o)
    0x0800029c   0x00000000   Code   RO         5680    .ARM.Collect$$libshutdown$$00000006  c_w.l(libshutdown2.o)
    0x0800029c   0x00000000   Code   RO         5683    .ARM.Collect$$libshutdown$$00000009  c_w.l(libshutdown2.o)
    0x0800029c   0x00000000   Code   RO         5685    .ARM.Collect$$libshutdown$$0000000B  c_w.l(libshutdown2.o)
    0x0800029c   0x00000000   Code   RO         5688    .ARM.Collect$$libshutdown$$0000000E  c_w.l(libshutdown2.o)
    0x0800029c   0x00000002   Code   RO         5689    .ARM.Collect$$libshutdown$$0000000F  c_w.l(libshutdown2.o)
    0x0800029e   0x00000000   Code   RO         5450    .ARM.Collect$$rtentry$$00000000  c_w.l(__rtentry.o)
    0x0800029e   0x00000000   Code   RO         5507    .ARM.Collect$$rtentry$$00000002  c_w.l(__rtentry2.o)
    0x0800029e   0x00000006   Code   RO         5519    .ARM.Collect$$rtentry$$00000004  c_w.l(__rtentry4.o)
    0x080002a4   0x00000000   Code   RO         5509    .ARM.Collect$$rtentry$$00000009  c_w.l(__rtentry2.o)
    0x080002a4   0x00000004   Code   RO         5510    .ARM.Collect$$rtentry$$0000000A  c_w.l(__rtentry2.o)
    0x080002a8   0x00000000   Code   RO         5512    .ARM.Collect$$rtentry$$0000000C  c_w.l(__rtentry2.o)
    0x080002a8   0x00000008   Code   RO         5513    .ARM.Collect$$rtentry$$0000000D  c_w.l(__rtentry2.o)
    0x080002b0   0x00000002   Code   RO         5638    .ARM.Collect$$rtexit$$00000000  c_w.l(rtexit.o)
    0x080002b2   0x00000000   Code   RO         5647    .ARM.Collect$$rtexit$$00000002  c_w.l(rtexit2.o)
    0x080002b2   0x00000004   Code   RO         5648    .ARM.Collect$$rtexit$$00000003  c_w.l(rtexit2.o)
    0x080002b6   0x00000006   Code   RO         5649    .ARM.Collect$$rtexit$$00000004  c_w.l(rtexit2.o)
    0x080002bc   0x00000040   Code   RO          580    .text               startup_stm32f767xx.o
    0x080002fc   0x00000002   Code   RO         5355    .text               c_w.l(use_no_semi_2.o)
    0x080002fe   0x00000002   PAD
    0x08000300   0x00000018   Code   RO         5363    .text               c_w.l(noretval__2printf.o)
    0x08000318   0x00000028   Code   RO         5365    .text               c_w.l(noretval__2sprintf.o)
    0x08000340   0x0000004e   Code   RO         5369    .text               c_w.l(_printf_pad.o)
    0x0800038e   0x00000002   PAD
    0x08000390   0x00000078   Code   RO         5371    .text               c_w.l(_printf_dec.o)
    0x08000408   0x00000058   Code   RO         5376    .text               c_w.l(_printf_hex_int.o)
    0x08000460   0x00000138   Code   RO         5406    .text               c_w.l(__printf_flags_wp.o)
    0x08000598   0x0000008a   Code   RO         5420    .text               c_w.l(rt_memcpy_v6.o)
    0x08000622   0x00000064   Code   RO         5422    .text               c_w.l(rt_memcpy_w.o)
    0x08000686   0x00000044   Code   RO         5424    .text               c_w.l(rt_memclr.o)
    0x080006ca   0x0000004e   Code   RO         5426    .text               c_w.l(rt_memclr_w.o)
    0x08000718   0x00000006   Code   RO         5428    .text               c_w.l(heapauxi.o)
    0x0800071e   0x00000002   Code   RO         5448    .text               c_w.l(use_no_semi.o)
    0x08000720   0x00000016   Code   RO         5453    .text               c_w.l(_rserrno.o)
    0x08000736   0x000000b2   Code   RO         5455    .text               c_w.l(_printf_intcommon.o)
    0x080007e8   0x0000041a   Code   RO         5457    .text               c_w.l(_printf_fp_dec.o)
    0x08000c02   0x00000002   PAD
    0x08000c04   0x00000030   Code   RO         5459    .text               c_w.l(_printf_char_common.o)
    0x08000c34   0x0000000a   Code   RO         5461    .text               c_w.l(_sputc.o)
    0x08000c3e   0x00000002   PAD
    0x08000c40   0x00000024   Code   RO         5463    .text               c_w.l(_printf_char_file.o)
    0x08000c64   0x00000008   Code   RO         5524    .text               c_w.l(rt_locale_intlibspace.o)
    0x08000c6c   0x00000008   Code   RO         5529    .text               c_w.l(rt_errno_addr_intlibspace.o)
    0x08000c74   0x0000008a   Code   RO         5531    .text               c_w.l(lludiv10.o)
    0x08000cfe   0x00000002   PAD
    0x08000d00   0x00000080   Code   RO         5533    .text               c_w.l(_printf_fp_infnan.o)
    0x08000d80   0x000000dc   Code   RO         5537    .text               c_w.l(bigflt0.o)
    0x08000e5c   0x00000008   Code   RO         5562    .text               c_w.l(ferror.o)
    0x08000e64   0x00000008   Code   RO         5576    .text               c_w.l(libspace.o)
    0x08000e6c   0x0000004a   Code   RO         5579    .text               c_w.l(sys_stackheap_outer.o)
    0x08000eb6   0x0000000c   Code   RO         5581    .text               c_w.l(exit.o)
    0x08000ec2   0x00000002   PAD
    0x08000ec4   0x00000068   Code   RO         5583    .text               c_w.l(strcmpv7m_pel.o)
    0x08000f2c   0x0000003e   Code   RO         5540    CL$$btod_d2e        c_w.l(btod.o)
    0x08000f6a   0x00000046   Code   RO         5542    CL$$btod_d2e_denorm_low  c_w.l(btod.o)
    0x08000fb0   0x00000060   Code   RO         5541    CL$$btod_d2e_norm_op1  c_w.l(btod.o)
    0x08001010   0x00000338   Code   RO         5550    CL$$btod_div_common  c_w.l(btod.o)
    0x08001348   0x000000c6   Code   RO         5547    CL$$btod_e2e        c_w.l(btod.o)
    0x0800140e   0x00000028   Code   RO         5544    CL$$btod_ediv       c_w.l(btod.o)
    0x08001436   0x00000028   Code   RO         5543    CL$$btod_emul       c_w.l(btod.o)
    0x0800145e   0x00000244   Code   RO         5549    CL$$btod_mult_common  c_w.l(btod.o)
    0x080016a2   0x00000002   PAD
    0x080016a4   0x00000178   Code   RO         3619    i.ADC_Init          stm32f7xx_hal_adc.o
    0x0800181c   0x00000004   Code   RO          350    i.BusFault_Handler  stm32f7xx_it.o
    0x08001820   0x00000078   Code   RO         3930    i.Cache_Enable      sys.o
    0x08001898   0x00000068   Code   RO         4614    i.DHT11_Check       dht11.o
    0x08001900   0x0000004c   Code   RO         4615    i.DHT11_Init        dht11.o
    0x0800194c   0x0000005c   Code   RO         4616    i.DHT11_Read_Bit    dht11.o
    0x080019a8   0x0000001e   Code   RO         4617    i.DHT11_Read_Byte   dht11.o
    0x080019c6   0x00000058   Code   RO         4618    i.DHT11_Read_Data   dht11.o
    0x08001a1e   0x00000002   PAD
    0x08001a20   0x00000040   Code   RO         4619    i.DHT11_Rst         dht11.o
    0x08001a60   0x00000002   Code   RO          351    i.DebugMon_Handler  stm32f7xx_it.o
    0x08001a62   0x00000002   PAD
    0x08001a64   0x00000048   Code   RO         2923    i.FMC_NORSRAM_Extended_Timing_Init  stm32f7xx_ll_fmc.o
    0x08001aac   0x00000080   Code   RO         2924    i.FMC_NORSRAM_Init  stm32f7xx_ll_fmc.o
    0x08001b2c   0x0000005e   Code   RO         2925    i.FMC_NORSRAM_Timing_Init  stm32f7xx_ll_fmc.o
    0x08001b8a   0x00000074   Code   RO         2930    i.FMC_SDRAM_Init    stm32f7xx_ll_fmc.o
    0x08001bfe   0x0000000e   Code   RO         2931    i.FMC_SDRAM_ProgramRefreshRate  stm32f7xx_ll_fmc.o
    0x08001c0c   0x00000052   Code   RO         2932    i.FMC_SDRAM_SendCommand  stm32f7xx_ll_fmc.o
    0x08001c5e   0x00000002   PAD
    0x08001c60   0x0000009c   Code   RO         2934    i.FMC_SDRAM_Timing_Init  stm32f7xx_ll_fmc.o
    0x08001cfc   0x0000004c   Code   RO         4907    i.Fan_Init          fan.o
    0x08001d48   0x00000038   Code   RO         4477    i.Get_Adc           adc.o
    0x08001d80   0x0000002e   Code   RO         4478    i.Get_Adc_Average   adc.o
    0x08001dae   0x00000002   PAD
    0x08001db0   0x00000028   Code   RO            4    i.Gizwits_Init      main.o
    0x08001dd8   0x000001b4   Code   RO         3621    i.HAL_ADC_ConfigChannel  stm32f7xx_hal_adc.o
    0x08001f8c   0x00000008   Code   RO         3628    i.HAL_ADC_GetValue  stm32f7xx_hal_adc.o
    0x08001f94   0x00000068   Code   RO         3630    i.HAL_ADC_Init      stm32f7xx_hal_adc.o
    0x08001ffc   0x00000088   Code   RO         4479    i.HAL_ADC_MspInit   adc.o
    0x08002084   0x000000ba   Code   RO         3634    i.HAL_ADC_PollForConversion  stm32f7xx_hal_adc.o
    0x0800213e   0x00000002   PAD
    0x08002140   0x00000100   Code   RO         3636    i.HAL_ADC_Start     stm32f7xx_hal_adc.o
    0x08002240   0x00000028   Code   RO          890    i.HAL_DMA_Abort_IT  stm32f7xx_hal_dma.o
    0x08002268   0x00000218   Code   RO         1036    i.HAL_GPIO_Init     stm32f7xx_hal_gpio.o
    0x08002480   0x00000010   Code   RO         1038    i.HAL_GPIO_ReadPin  stm32f7xx_hal_gpio.o
    0x08002490   0x00000008   Code   RO         1039    i.HAL_GPIO_TogglePin  stm32f7xx_hal_gpio.o
    0x08002498   0x0000000c   Code   RO         1040    i.HAL_GPIO_WritePin  stm32f7xx_hal_gpio.o
    0x080024a4   0x0000000c   Code   RO          604    i.HAL_GetTick       stm32f7xx_hal.o
    0x080024b0   0x00000010   Code   RO          605    i.HAL_IncTick       stm32f7xx_hal.o
    0x080024c0   0x00000028   Code   RO          606    i.HAL_Init          stm32f7xx_hal.o
    0x080024e8   0x00000028   Code   RO          607    i.HAL_InitTick      stm32f7xx_hal.o
    0x08002510   0x0000005e   Code   RO         3344    i.HAL_LTDC_ConfigLayer  stm32f7xx_hal_ltdc.o
    0x0800256e   0x00000002   PAD
    0x08002570   0x00000128   Code   RO         3361    i.HAL_LTDC_Init     stm32f7xx_hal_ltdc.o
    0x08002698   0x00000140   Code   RO         4361    i.HAL_LTDC_MspInit  ltdc.o
    0x080027d8   0x0000006c   Code   RO         3376    i.HAL_LTDC_SetWindowPosition  stm32f7xx_hal_ltdc.o
    0x08002844   0x00000074   Code   RO         3378    i.HAL_LTDC_SetWindowSize  stm32f7xx_hal_ltdc.o
    0x080028b8   0x0000005c   Code   RO          758    i.HAL_MPU_ConfigRegion  stm32f7xx_hal_cortex.o
    0x08002914   0x00000002   Code   RO          609    i.HAL_MspInit       stm32f7xx_hal.o
    0x08002916   0x0000001a   Code   RO          761    i.HAL_NVIC_EnableIRQ  stm32f7xx_hal_cortex.o
    0x08002930   0x0000007c   Code   RO          767    i.HAL_NVIC_SetPriority  stm32f7xx_hal_cortex.o
    0x080029ac   0x00000028   Code   RO          768    i.HAL_NVIC_SetPriorityGrouping  stm32f7xx_hal_cortex.o
    0x080029d4   0x00000090   Code   RO         1229    i.HAL_PWREx_EnableOverDrive  stm32f7xx_hal_pwr_ex.o
    0x08002a64   0x00000980   Code   RO         1419    i.HAL_RCCEx_PeriphCLKConfig  stm32f7xx_hal_rcc_ex.o
    0x080033e4   0x000001b4   Code   RO         1316    i.HAL_RCC_ClockConfig  stm32f7xx_hal_rcc.o
    0x08003598   0x0000000c   Code   RO         1321    i.HAL_RCC_GetHCLKFreq  stm32f7xx_hal_rcc.o
    0x080035a4   0x0000002c   Code   RO         1323    i.HAL_RCC_GetPCLK1Freq  stm32f7xx_hal_rcc.o
    0x080035d0   0x0000002c   Code   RO         1324    i.HAL_RCC_GetPCLK2Freq  stm32f7xx_hal_rcc.o
    0x080035fc   0x000000b4   Code   RO         1325    i.HAL_RCC_GetSysClockFreq  stm32f7xx_hal_rcc.o
    0x080036b0   0x000004d0   Code   RO         1420    i.HAL_RCC_OscConfig  stm32f7xx_hal_rcc_ex.o
    0x08003b80   0x00000040   Code   RO         3191    i.HAL_SDRAM_Init    stm32f7xx_hal_sdram.o
    0x08003bc0   0x0000011c   Code   RO         4069    i.HAL_SDRAM_MspInit  sdram.o
    0x08003cdc   0x00000028   Code   RO         3194    i.HAL_SDRAM_ProgramRefreshRate  stm32f7xx_hal_sdram.o
    0x08003d04   0x0000003a   Code   RO         3200    i.HAL_SDRAM_SendCommand  stm32f7xx_hal_sdram.o
    0x08003d3e   0x00000058   Code   RO         3069    i.HAL_SRAM_Init     stm32f7xx_hal_sram.o
    0x08003d96   0x00000002   PAD
    0x08003d98   0x00000098   Code   RO         4127    i.HAL_SRAM_MspInit  lcd.o
    0x08003e30   0x00000028   Code   RO          770    i.HAL_SYSTICK_CLKSourceConfig  stm32f7xx_hal_cortex.o
    0x08003e58   0x00000034   Code   RO          772    i.HAL_SYSTICK_Config  stm32f7xx_hal_cortex.o
    0x08003e8c   0x0000002e   Code   RO         1993    i.HAL_TIM_Base_Init  stm32f7xx_hal_tim.o
    0x08003eba   0x00000002   PAD
    0x08003ebc   0x00000044   Code   RO         4865    i.HAL_TIM_Base_MspInit  timer.o
    0x08003f00   0x0000001e   Code   RO         1998    i.HAL_TIM_Base_Start_IT  stm32f7xx_hal_tim.o
    0x08003f1e   0x00000002   Code   RO         1474    i.HAL_UART_ErrorCallback  stm32f7xx_hal_uart.o
    0x08003f20   0x0000015c   Code   RO         1477    i.HAL_UART_IRQHandler  stm32f7xx_hal_uart.o
    0x0800407c   0x00000078   Code   RO         1478    i.HAL_UART_Init     stm32f7xx_hal_uart.o
    0x080040f4   0x000000a0   Code   RO         3984    i.HAL_UART_MspInit  usart.o
    0x08004194   0x00000112   Code   RO         1481    i.HAL_UART_Receive  stm32f7xx_hal_uart.o
    0x080042a6   0x00000002   Code   RO         1484    i.HAL_UART_RxCpltCallback  stm32f7xx_hal_uart.o
    0x080042a8   0x000000c6   Code   RO         1486    i.HAL_UART_Transmit  stm32f7xx_hal_uart.o
    0x0800436e   0x00000002   Code   RO         1489    i.HAL_UART_TxCpltCallback  stm32f7xx_hal_uart.o
    0x08004370   0x00000004   Code   RO          352    i.HardFault_Handler  stm32f7xx_it.o
    0x08004374   0x00000054   Code   RO         4668    i.IIC_Ack           myiic.o
    0x080043c8   0x00000058   Code   RO         4669    i.IIC_Init          myiic.o
    0x08004420   0x00000054   Code   RO         4670    i.IIC_NAck          myiic.o
    0x08004474   0x0000006c   Code   RO         4671    i.IIC_Read_Byte     myiic.o
    0x080044e0   0x0000007c   Code   RO         4672    i.IIC_Send_Byte     myiic.o
    0x0800455c   0x00000054   Code   RO         4673    i.IIC_Start         myiic.o
    0x080045b0   0x00000054   Code   RO         4674    i.IIC_Stop          myiic.o
    0x08004604   0x00000068   Code   RO         4675    i.IIC_Wait_Ack      myiic.o
    0x0800466c   0x000000a8   Code   RO         4794    i.KEY_Init          key.o
    0x08004714   0x000000d0   Code   RO         4795    i.KEY_Scan          key.o
    0x080047e4   0x00000048   Code   RO         4129    i.LCD_Clear         lcd.o
    0x0800482c   0x00000180   Code   RO         4133    i.LCD_Display_Dir   lcd.o
    0x080049ac   0x00000124   Code   RO         4138    i.LCD_Fast_DrawPoint  lcd.o
    0x08004ad0   0x00000070   Code   RO         4139    i.LCD_Fill          lcd.o
    0x08004b40   0x00002468   Code   RO         4140    i.LCD_Init          lcd.o
    0x08006fa8   0x00000084   Code   RO         4141    i.LCD_MPU_Config    lcd.o
    0x0800702c   0x00000016   Code   RO         4142    i.LCD_Pow           lcd.o
    0x08007042   0x00000002   PAD
    0x08007044   0x00000014   Code   RO         4143    i.LCD_RD_DATA       lcd.o
    0x08007058   0x00000050   Code   RO         4146    i.LCD_SSD_BackLightSet  lcd.o
    0x080070a8   0x00000274   Code   RO         4147    i.LCD_Scan_Dir      lcd.o
    0x0800731c   0x00000138   Code   RO         4148    i.LCD_SetCursor     lcd.o
    0x08007454   0x0000013c   Code   RO         4150    i.LCD_ShowChar      lcd.o
    0x08007590   0x00000066   Code   RO         4152    i.LCD_ShowString    lcd.o
    0x080075f6   0x000000be   Code   RO         4153    i.LCD_ShowxNum      lcd.o
    0x080076b4   0x00000018   Code   RO         4154    i.LCD_WR_DATA       lcd.o
    0x080076cc   0x00000018   Code   RO         4155    i.LCD_WR_REG        lcd.o
    0x080076e4   0x00000014   Code   RO         4157    i.LCD_WriteRAM_Prepare  lcd.o
    0x080076f8   0x00000010   Code   RO         4158    i.LCD_WriteReg      lcd.o
    0x08007708   0x00000058   Code   RO         4043    i.LED_Init          led.o
    0x08007760   0x00000024   Code   RO         4362    i.LTDC_Clear        ltdc.o
    0x08007784   0x00000026   Code   RO         4363    i.LTDC_Clk_Set      ltdc.o
    0x080077aa   0x00000002   PAD
    0x080077ac   0x0000002c   Code   RO         4365    i.LTDC_Display_Dir  ltdc.o
    0x080077d8   0x00000050   Code   RO         4366    i.LTDC_Draw_Point   ltdc.o
    0x08007828   0x00000148   Code   RO         4367    i.LTDC_Fill         ltdc.o
    0x08007970   0x00000234   Code   RO         4368    i.LTDC_Init         ltdc.o
    0x08007ba4   0x0000007c   Code   RO         4369    i.LTDC_Layer_Parameter_Config  ltdc.o
    0x08007c20   0x00000030   Code   RO         4371    i.LTDC_Layer_Window_Config  ltdc.o
    0x08007c50   0x000000c8   Code   RO         4372    i.LTDC_PanelID_Read  ltdc.o
    0x08007d18   0x0000000c   Code   RO         4374    i.LTDC_Select_Layer  ltdc.o
    0x08007d24   0x00000212   Code   RO         3380    i.LTDC_SetConfig    stm32f7xx_hal_ltdc.o
    0x08007f36   0x00000002   PAD
    0x08007f38   0x00000060   Code   RO         4590    i.MGGetPercentage   co2.o
    0x08007f98   0x00000048   Code   RO         4553    i.MQ7_PPM_Calibration  co.o
    0x08007fe0   0x000000a8   Code   RO         4554    i.MQ7_PPM_GET       co.o
    0x08008088   0x00000048   Code   RO         4480    i.MY_ADC_Init       adc.o
    0x080080d0   0x00000002   Code   RO          353    i.NMI_Handler       stm32f7xx_it.o
    0x080080d2   0x00000002   PAD
    0x080080d4   0x00000010   Code   RO          774    i.NVIC_GetPriorityGrouping  stm32f7xx_hal_cortex.o
    0x080080e4   0x00000028   Code   RO          775    i.NVIC_SetPriority  stm32f7xx_hal_cortex.o
    0x0800810c   0x00000068   Code   RO         4734    i.PCF8574_Init      pcf8574.o
    0x08008174   0x0000001a   Code   RO         4735    i.PCF8574_ReadBit   pcf8574.o
    0x0800818e   0x00000022   Code   RO         4736    i.PCF8574_ReadOneByte  pcf8574.o
    0x080081b0   0x00000028   Code   RO         4738    i.PCF8574_WriteOneByte  pcf8574.o
    0x080081d8   0x00000002   Code   RO          354    i.PendSV_Handler    stm32f7xx_it.o
    0x080081da   0x00000002   PAD
    0x080081dc   0x0000009c   Code   RO         3933    i.SCB_EnableDCache  sys.o
    0x08008278   0x00000068   Code   RO         4070    i.SDRAM_Init        sdram.o
    0x080082e0   0x00000054   Code   RO         4071    i.SDRAM_Initialization_Sequence  sdram.o
    0x08008334   0x00000048   Code   RO         4072    i.SDRAM_Send_Cmd    sdram.o
    0x0800837c   0x00000002   Code   RO          355    i.SVC_Handler       stm32f7xx_it.o
    0x0800837e   0x00000002   PAD
    0x08008380   0x000000b4   Code   RO         3934    i.Stm32_Clock_Init  sys.o
    0x08008434   0x00000008   Code   RO          356    i.SysTick_Handler   stm32f7xx_it.o
    0x0800843c   0x00000064   Code   RO          423    i.SystemInit        system_stm32f7xx.o
    0x080084a0   0x00000030   Code   RO         4866    i.TIM3_IRQHandler   timer.o
    0x080084d0   0x0000002c   Code   RO         4867    i.TIM3_Init         timer.o
    0x080084fc   0x000000e4   Code   RO         2077    i.TIM_Base_SetConfig  stm32f7xx_hal_tim.o
    0x080085e0   0x000000ea   Code   RO         1491    i.UART_AdvFeatureConfig  stm32f7xx_hal_uart.o
    0x080086ca   0x00000074   Code   RO         1492    i.UART_CheckIdleState  stm32f7xx_hal_uart.o
    0x0800873e   0x00000018   Code   RO         1493    i.UART_DMAAbortOnError  stm32f7xx_hal_uart.o
    0x08008756   0x00000020   Code   RO         1499    i.UART_EndRxTransfer  stm32f7xx_hal_uart.o
    0x08008776   0x00000020   Code   RO         1500    i.UART_EndTransmit_IT  stm32f7xx_hal_uart.o
    0x08008796   0x00000088   Code   RO         1502    i.UART_Receive_IT   stm32f7xx_hal_uart.o
    0x0800881e   0x00000002   PAD
    0x08008820   0x0000038c   Code   RO         1503    i.UART_SetConfig    stm32f7xx_hal_uart.o
    0x08008bac   0x0000006a   Code   RO         1504    i.UART_Transmit_IT  stm32f7xx_hal_uart.o
    0x08008c16   0x0000006c   Code   RO         1505    i.UART_WaitOnFlagUntilTimeout  stm32f7xx_hal_uart.o
    0x08008c82   0x00000002   PAD
    0x08008c84   0x000000a0   Code   RO         3985    i.USART1_IRQHandler  usart.o
    0x08008d24   0x00000028   Code   RO         4825    i.USART3_IRQHandler  usart3.o
    0x08008d4c   0x00000004   Code   RO          357    i.UsageFault_Handler  stm32f7xx_it.o
    0x08008d50   0x00000030   Code   RO         5489    i.__ARM_fpclassify  m_wv.l(fpclassify.o)
    0x08008d80   0x000008d8   Code   RO         5434    i.__hardfp_pow      m_wv.l(pow.o)
    0x08009658   0x00000070   Code   RO         5491    i.__kernel_poly     m_wv.l(poly.o)
    0x080096c8   0x00000020   Code   RO         5469    i.__mathlib_dbl_divzero  m_wv.l(dunder.o)
    0x080096e8   0x00000006   Code   RO         5471    i.__mathlib_dbl_infnan2  m_wv.l(dunder.o)
    0x080096ee   0x00000002   PAD
    0x080096f0   0x00000018   Code   RO         5472    i.__mathlib_dbl_invalid  m_wv.l(dunder.o)
    0x08009708   0x00000018   Code   RO         5473    i.__mathlib_dbl_overflow  m_wv.l(dunder.o)
    0x08009720   0x00000018   Code   RO         5475    i.__mathlib_dbl_underflow  m_wv.l(dunder.o)
    0x08009738   0x0000000e   Code   RO         5404    i._is_digit         c_w.l(__printf_wp.o)
    0x08009746   0x00000004   Code   RO         3986    i._sys_exit         usart.o
    0x0800974a   0x00000002   PAD
    0x0800974c   0x00000014   Code   RO         3891    i.delay_init        delay.o
    0x08009760   0x00000018   Code   RO         3892    i.delay_ms          delay.o
    0x08009778   0x00000048   Code   RO         3893    i.delay_us          delay.o
    0x080097c0   0x0000001a   Code   RO         5170    i.exchangeBytes     common.o
    0x080097da   0x0000001a   Code   RO         5171    i.exchangeWord      common.o
    0x080097f4   0x00000018   Code   RO         5485    i.fabs              m_wv.l(fabs.o)
    0x0800980c   0x0000001c   Code   RO         3987    i.fputc             usart.o
    0x08009828   0x0000002a   Code   RO         5239    i.gizAcrossByteJudge  datapointtools.o
    0x08009852   0x00000032   Code   RO         5240    i.gizByteOrderExchange  datapointtools.o
    0x08009884   0x00000290   Code   RO         5001    i.gizCheckReport    gizwits_protocol.o
    0x08009b14   0x0000007c   Code   RO         5002    i.gizDataPoint2Event  gizwits_protocol.o
    0x08009b90   0x00000124   Code   RO         5003    i.gizDataPoints2ReportData  gizwits_protocol.o
    0x08009cb4   0x000000bc   Code   RO         5004    i.gizDevReportPolicy  gizwits_protocol.o
    0x08009d70   0x0000000c   Code   RO         4933    i.gizGetTimerCount  gizwits_product.o
    0x08009d7c   0x0000008c   Code   RO         5005    i.gizProtocolAckHandle  gizwits_protocol.o
    0x08009e08   0x000000a0   Code   RO         5006    i.gizProtocolCommonAck  gizwits_protocol.o
    0x08009ea8   0x000000a4   Code   RO         5007    i.gizProtocolErrorCmd  gizwits_protocol.o
    0x08009f4c   0x0000017c   Code   RO         5008    i.gizProtocolGetDeviceInfo  gizwits_protocol.o
    0x0800a0c8   0x000001a8   Code   RO         5009    i.gizProtocolGetOnePacket  gizwits_protocol.o
    0x0800a270   0x00000050   Code   RO         5010    i.gizProtocolHeadInit  gizwits_protocol.o
    0x0800a2c0   0x0000013c   Code   RO         5011    i.gizProtocolIssuedDataAck  gizwits_protocol.o
    0x0800a3fc   0x00000118   Code   RO         5012    i.gizProtocolIssuedProcess  gizwits_protocol.o
    0x0800a514   0x0000005c   Code   RO         5013    i.gizProtocolModuleInfoHandle  gizwits_protocol.o
    0x0800a570   0x00000504   Code   RO         5014    i.gizProtocolModuleStatus  gizwits_protocol.o
    0x0800aa74   0x00000088   Code   RO         5015    i.gizProtocolNTP    gizwits_protocol.o
    0x0800aafc   0x0000001c   Code   RO         5016    i.gizProtocolReboot  gizwits_protocol.o
    0x0800ab18   0x0000007c   Code   RO         5017    i.gizProtocolResendData  gizwits_protocol.o
    0x0800ab94   0x00000026   Code   RO         5173    i.gizProtocolSum    common.o
    0x0800abba   0x00000002   PAD
    0x0800abbc   0x00000064   Code   RO         5018    i.gizProtocolWaitAck  gizwits_protocol.o
    0x0800ac20   0x00000048   Code   RO         5019    i.gizProtocolWaitAckCheck  gizwits_protocol.o
    0x0800ac68   0x00000074   Code   RO         5020    i.gizPutData        gizwits_protocol.o
    0x0800acdc   0x000000d4   Code   RO         5021    i.gizReportData     gizwits_protocol.o
    0x0800adb0   0x00000080   Code   RO         5241    i.gizStandardCompressValue  datapointtools.o
    0x0800ae30   0x000000c2   Code   RO         5242    i.gizStandardDecompressionValue  datapointtools.o
    0x0800aef2   0x00000002   PAD
    0x0800aef4   0x00000010   Code   RO         4934    i.gizTimerMs        gizwits_product.o
    0x0800af04   0x0000000e   Code   RO         5247    i.gizY2X            datapointtools.o
    0x0800af12   0x00000002   PAD
    0x0800af14   0x00000148   Code   RO         4935    i.gizwitsEventProcess  gizwits_product.o
    0x0800b05c   0x00000370   Code   RO         5024    i.gizwitsHandle     gizwits_protocol.o
    0x0800b3cc   0x00000064   Code   RO         5025    i.gizwitsInit       gizwits_protocol.o
    0x0800b430   0x00000288   Code   RO         5027    i.gizwitsSetMode    gizwits_protocol.o
    0x0800b6b8   0x00000494   Code   RO            5    i.main              main.o
    0x0800bb4c   0x0000004c   Code   RO         4936    i.mcuRestart        gizwits_product.o
    0x0800bb98   0x0000003c   Code   RO         4779    i.pm_valueget       pm.o
    0x0800bbd4   0x00000038   Code   RO         5305    i.rbCanRead         ringbuffer.o
    0x0800bc0c   0x0000001e   Code   RO         5306    i.rbCanWrite        ringbuffer.o
    0x0800bc2a   0x0000000e   Code   RO         5307    i.rbCapacity        ringbuffer.o
    0x0800bc38   0x00000016   Code   RO         5308    i.rbCreate          ringbuffer.o
    0x0800bc4e   0x000000a2   Code   RO         5310    i.rbRead            ringbuffer.o
    0x0800bcf0   0x0000009a   Code   RO         5311    i.rbWrite           ringbuffer.o
    0x0800bd8a   0x0000006a   Code   RO         5496    i.sqrt              m_wv.l(sqrt.o)
    0x0800bdf4   0x000000b0   Code   RO         4826    i.uart3_init        usart3.o
    0x0800bea4   0x000000b8   Code   RO         4937    i.uartWrite         gizwits_product.o
    0x0800bf5c   0x0000002c   Code   RO         3988    i.uart_init         usart.o
    0x0800bf88   0x00000590   Code   RO            6    i.userHandle        main.o
    0x0800c518   0x0000002c   Code   RO         5570    locale$$code        c_w.l(lc_numeric_c.o)
    0x0800c544   0x00000010   Code   RO         5572    x$fpl$dcheck1       fz_wv.l(dcheck1.o)
    0x0800c554   0x0000000a   Code   RO         5642    x$fpl$fpinit        fz_wv.l(fpinit.o)
    0x0800c55e   0x00000004   Code   RO         5432    x$fpl$printf1       fz_wv.l(printf1.o)
    0x0800c562   0x00000064   Code   RO         5636    x$fpl$retnan        fz_wv.l(retnan.o)
    0x0800c5c6   0x0000005c   Code   RO         5466    x$fpl$scalbn        fz_wv.l(scalbn.o)
    0x0800c622   0x00000030   Code   RO         5644    x$fpl$trapveneer    fz_wv.l(trapv.o)
    0x0800c652   0x00000000   Code   RO         5468    x$fpl$usenofp       fz_wv.l(usenofp.o)
    0x0800c652   0x00000018   Data   RO          424    .constdata          system_stm32f7xx.o
    0x0800c66a   0x00004740   Data   RO         4161    .constdata          lcd.o
    0x08010daa   0x00000028   Data   RO         5377    .constdata          c_w.l(_printf_hex_int.o)
    0x08010dd2   0x00000011   Data   RO         5407    .constdata          c_w.l(__printf_flags_wp.o)
    0x08010de3   0x00000005   PAD
    0x08010de8   0x00000088   Data   RO         5437    .constdata          m_wv.l(pow.o)
    0x08010e70   0x00000008   Data   RO         5493    .constdata          m_wv.l(qnan.o)
    0x08010e78   0x00000094   Data   RO         5538    .constdata          c_w.l(bigflt0.o)
    0x08010f0c   0x00000020   Data   RO         5714    Region$$Table       anon$$obj.o
    0x08010f2c   0x0000001c   Data   RO         5569    locale$$data        c_w.l(lc_numeric_c.o)


    Execution Region RW_IRAM1 (Base: 0x20020000, Size: 0x00000c70, Max: 0x00060000, ABSOLUTE)

    Base Addr    Size         Type   Attr      Idx    E Section Name        Object

    0x20020000   0x0000002b   Data   RW            8    .data               main.o
    0x2002002b   0x00000001   PAD
    0x2002002c   0x00000004   Data   RW          425    .data               system_stm32f7xx.o
    0x20020030   0x00000004   Data   RW          612    .data               stm32f7xx_hal.o
    0x20020034   0x00000004   Data   RW         3894    .data               delay.o
    0x20020038   0x00000007   Data   RW         3990    .data               usart.o
    0x2002003f   0x00000001   PAD
    0x20020040   0x00000008   Data   RW         4162    .data               lcd.o
    0x20020048   0x00000008   Data   RW         4378    .data               ltdc.o
    0x20020050   0x00000018   Data   RW         4555    .data               co.o
    0x20020068   0x00000001   Data   RW         4796    .data               key.o
    0x20020069   0x00000003   PAD
    0x2002006c   0x00000004   Data   RW         4938    .data               gizwits_product.o
    0x20020070   0x00000010   Data   RW         5029    .data               gizwits_protocol.o
    0x20020080   0x0000001a   Zero   RW            7    .bss                main.o
    0x2002009a   0x00000002   PAD
    0x2002009c   0x00000138   Zero   RW         3989    .bss                usart.o
    0x200201d4   0x00000034   Zero   RW         4073    .bss                sdram.o
    0x20020208   0x0000005a   Zero   RW         4160    .bss                lcd.o
    0x20020262   0x00000002   PAD
    0x20020264   0x00000120   Zero   RW         4377    .bss                ltdc.o
    0x20020384   0x00000048   Zero   RW         4481    .bss                adc.o
    0x200203cc   0x00000070   Zero   RW         4827    .bss                usart3.o
    0x2002043c   0x0000003c   Zero   RW         4868    .bss                timer.o
    0x20020478   0x00000198   Zero   RW         5028    .bss                gizwits_protocol.o
    0x20020610   0x00000060   Zero   RW         5577    .bss                c_w.l(libspace.o)
    0x20020670   0x00000200   Zero   RW          578    HEAP                startup_stm32f767xx.o
    0x20020870   0x00000400   Zero   RW          577    STACK               startup_stm32f767xx.o



  Load Region LR$$.ARM.__AT_0xC0000000 (Base: 0xc0000000, Size: 0x00000000, Max: 0x001f4000, ABSOLUTE)

    Execution Region ER$$.ARM.__AT_0xC0000000 (Base: 0xc0000000, Size: 0x001f4000, Max: 0x001f4000, ABSOLUTE, UNINIT)

    Base Addr    Size         Type   Attr      Idx    E Section Name        Object

    0xc0000000   0x001f4000   Zero   RW         4376    .ARM.__AT_0xC0000000  ltdc.o


==============================================================================

Image component sizes


      Code (inc. data)   RO Data    RW Data    ZI Data      Debug   Object Name

       310         28          0          0         72       3255   adc.o
       240         60          0         24          0       1707   co.o
        96          6          0          0          0        786   co2.o
        90          0          0          0          0       2296   common.o
       428          0          0          0          0       4664   datapointtools.o
       116          8          0          4          0       2083   delay.o
       454         24          0          0          0       4360   dht11.o
        76          8          0          0          0        939   fan.o
       616        196          0          4          0      40018   gizwits_product.o
      6996       2330          0         16        408      20374   gizwits_protocol.o
       376         34          0          1          0       1818   key.o
     12218        214      18240          8         90      28644   lcd.o
        88         10          0          0          0        947   led.o
      1794        124          0          8    2048288      10278   ltdc.o
      2636        568          0         43         26     481492   main.o
       760         52          0          0          0       5250   myiic.o
       204         10          0          0          0       3022   pcf8574.o
        60         26          0          0          0        582   pm.o
       438          0          0          0          0       4396   ringbuffer.o
       544         44          0          0         52       3726   sdram.o
        64         26        504          0       1536        852   startup_stm32f767xx.o
       110         20          0          4          0       4021   stm32f7xx_hal.o
      1366         58          0          0          0       5230   stm32f7xx_hal_adc.o
       430         26          0          0          0      37804   stm32f7xx_hal_cortex.o
        40          0          0          0          0       1223   stm32f7xx_hal_dma.o
       572         52          0          0          0       3912   stm32f7xx_hal_gpio.o
      1144          6          0          0          0       4813   stm32f7xx_hal_ltdc.o
       144          8          0          0          0       1364   stm32f7xx_hal_pwr_ex.o
       716         50          0          0          0       4280   stm32f7xx_hal_rcc.o
      3664         32          0          0          0       3824   stm32f7xx_hal_rcc_ex.o
       162          0          0          0          0       2836   stm32f7xx_hal_sdram.o
        88          0          0          0          0       1260   stm32f7xx_hal_sram.o
       304         44          0          0          0       2645   stm32f7xx_hal_tim.o
      2642         54          0          0          0      13195   stm32f7xx_hal_uart.o
        28          0          0          0          0       3942   stm32f7xx_it.o
       662         14          0          0          0       6104   stm32f7xx_ll_fmc.o
       456         26          0          0          0      34153   sys.o
       100         18         24          4          0       1215   system_stm32f7xx.o
       160         24          0          0         60       2452   timer.o
       396         42          0          7        312       5079   usart.o
       216         22          0          0        112       1961   usart3.o

    ----------------------------------------------------------------------
     42044       4264      18800        128    2050960     762802   Object Totals
         0          0         32          0          0          0   (incl. Generated)
        40          0          0          5          4          0   (incl. Padding)

    ----------------------------------------------------------------------

      Code (inc. data)   RO Data    RW Data    ZI Data      Debug   Library Member Name

         8          0          0          0          0         68   __main.o
       312          4         17          0          0         92   __printf_flags_wp.o
        14          0          0          0          0         68   __printf_wp.o
         0          0          0          0          0          0   __rtentry.o
        12          0          0          0          0          0   __rtentry2.o
         6          0          0          0          0          0   __rtentry4.o
        52          8          0          0          0          0   __scatter.o
        26          0          0          0          0          0   __scatter_copy.o
        28          0          0          0          0          0   __scatter_zi.o
        48          6          0          0          0         96   _printf_char_common.o
        36          4          0          0          0         80   _printf_char_file.o
         6          0          0          0          0          0   _printf_d.o
       120         16          0          0          0         92   _printf_dec.o
         6          0          0          0          0          0   _printf_f.o
      1050          0          0          0          0        216   _printf_fp_dec.o
       128         16          0          0          0         84   _printf_fp_infnan.o
        88          4         40          0          0         88   _printf_hex_int.o
       178          0          0          0          0         88   _printf_intcommon.o
        78          0          0          0          0        108   _printf_pad.o
         0          0          0          0          0          0   _printf_percent.o
         4          0          0          0          0          0   _printf_percent_end.o
         6          0          0          0          0          0   _printf_x.o
        22          0          0          0          0        100   _rserrno.o
        10          0          0          0          0         68   _sputc.o
       220          4        148          0          0         96   bigflt0.o
      1910        128          0          0          0        672   btod.o
        12          0          0          0          0         72   exit.o
         8          0          0          0          0         68   ferror.o
         6          0          0          0          0        152   heapauxi.o
        44         10         28          0          0         76   lc_numeric_c.o
         2          0          0          0          0          0   libinit.o
        22          0          0          0          0          0   libinit2.o
         2          0          0          0          0          0   libshutdown.o
         2          0          0          0          0          0   libshutdown2.o
         8          4          0          0         96         68   libspace.o
       138          0          0          0          0         80   lludiv10.o
        24          4          0          0          0         84   noretval__2printf.o
        40          6          0          0          0         84   noretval__2sprintf.o
         8          4          0          0          0         68   rt_errno_addr_intlibspace.o
         8          4          0          0          0         68   rt_locale_intlibspace.o
        68          0          0          0          0         68   rt_memclr.o
        78          0          0          0          0         80   rt_memclr_w.o
       138          0          0          0          0         68   rt_memcpy_v6.o
       100          0          0          0          0         80   rt_memcpy_w.o
         2          0          0          0          0          0   rtexit.o
        10          0          0          0          0          0   rtexit2.o
       104          0          0          0          0         68   strcmpv7m_pel.o
        74          0          0          0          0         80   sys_stackheap_outer.o
         2          0          0          0          0         68   use_no_semi.o
         2          0          0          0          0         68   use_no_semi_2.o
        16          4          0          0          0        116   dcheck1.o
        10          0          0          0          0        116   fpinit.o
         4          0          0          0          0        116   printf1.o
       100          0          0          0          0        116   retnan.o
        92          0          0          0          0        116   scalbn.o
        48          0          0          0          0        116   trapv.o
         0          0          0          0          0          0   usenofp.o
       110         60          0          0          0        580   dunder.o
        24          0          0          0          0        124   fabs.o
        48          0          0          0          0        124   fpclassify.o
       112          0          0          0          0        116   poly.o
      2264        300        136          0          0        304   pow.o
         0          0          8          0          0          0   qnan.o
       106          0          0          0          0        140   sqrt.o

    ----------------------------------------------------------------------
      8222        586        382          0         96       5500   Library Totals
        18          0          5          0          0          0   (incl. Padding)

    ----------------------------------------------------------------------

      Code (inc. data)   RO Data    RW Data    ZI Data      Debug   Library Name

      5270        222        233          0         96       3416   c_w.l
       270          4          0          0          0        696   fz_wv.l
      2664        360        144          0          0       1388   m_wv.l

    ----------------------------------------------------------------------
      8222        586        382          0         96       5500   Library Totals

    ----------------------------------------------------------------------

==============================================================================


      Code (inc. data)   RO Data    RW Data    ZI Data      Debug   

     50266       4850      19182        128    2051056     745678   Grand Totals
     50266       4850      19182        128    2051056     745678   ELF Image Totals
     50266       4850      19182        128          0          0   ROM Totals

==============================================================================

    Total RO  Size (Code + RO Data)                69448 (  67.82kB)
    Total RW  Size (RW Data + ZI Data)           2051184 (2003.11kB)
    Total ROM Size (Code + RO Data + RW Data)      69576 (  67.95kB)

==============================================================================

