<html>
<body>
<pre>
<h1>礦ision Build Log</h1>
<h2>Tool Versions:</h2>
IDE-Version: μVision V5.14.0.0
Copyright (C) 2015 ARM Ltd and ARM Germany GmbH. All rights reserved.
License Information: 11 1, 1, LIC=Y2BQD-8HY3B-QGF7I-T3MR7-G69JA-TXQDG
 
Tool Versions:
Toolchain:       MDK-ARM Professional  Version: 5.14.0.0
Toolchain Path:  D:\MDK5\ARM\ARMCC\Bin
C Compiler:      Armcc.exe V5.05 update 1 (build 106)
Assembler:       Armasm.exe V5.05 update 1 (build 106)
Linker/Locator:  ArmLink.exe V5.05 update 1 (build 106)
Library Manager: ArmAr.exe V5.05 update 1 (build 106)
Hex Converter:   FromElf.exe V5.05 update 1 (build 106)
CPU DLL:         SARMCM3.DLL V5.14.0.0
Dialog DLL:      DCM.DLL V1.13.1.0
Target DLL:      STLink\ST-LINKIII-KEIL_SWO.dll V2.0.14.0_KEIL
Dialog DLL:      TCM.DLL V1.14.4.0
 
<h2>Project:</h2>
D:\智能家居项目\阿波罗F767板子四路ADC1\智能家居气体检测以及净化\USER\ADC.uvprojx
Project File Date:  04/18/2020

<h2>Output:</h2>
Build target 'ADC'
compiling main.c...
compiling fan.c...
linking...
Program Size: Code=50266 RO-data=19182 RW-data=128 ZI-data=2051056  
FromELF: creating hex file...
"..\OBJ\ADC.axf" - 0 Error(s), 0 Warning(s).

<h2>Collection of Component include folders:</h2>
  D:\智能家居项目\阿波罗F767板子四路ADC1\智能家居气体检测以及净化\USER\RTE
  D:\MDK5\ARM\PACK\Keil\STM32F7xx_DFP\2.12.0

<h2>Collection of Component Files used:</h2>
</pre>
</body>
</html>
